This is pdfTeX, Version 3.1415926-2.5-1.40.14 (MiKTeX 2.9) (preloaded format=pdflatex 2014.10.5)  24 MAY 2017 17:20
entering extended mode
**test.tex
(C:\Users\Bruce\mfg\test.tex
LaTeX2e <2011/06/27>
Babel <v3.8m> and hyphenation patterns for english, afrikaans, ancientgreek, ar
abic, armenian, assamese, basque, bengali, bokmal, bulgarian, catalan, coptic, 
croatian, czech, danish, dutch, esperanto, estonian, farsi, finnish, french, ga
lician, german, german-x-2013-05-26, greek, gujarati, hindi, hungarian, iceland
ic, indonesian, interlingua, irish, italian, kannada, kurmanji, latin, latvian,
 lithuanian, malayalam, marathi, mongolian, mongolianlmc, monogreek, ngerman, n
german-x-2013-05-26, nynorsk, oriya, panjabi, pinyin, polish, portuguese, roman
ian, russian, sanskrit, serbian, slovak, slovenian, spanish, swedish, swissgerm
an, tamil, telugu, turkish, turkmen, ukenglish, ukrainian, uppersorbian, usengl
ishmax, welsh, loaded.
("C:\Program Files (x86)\MiKTeX 2.9\tex\latex\base\book.cls"
Document Class: book 2007/10/19 v1.4h Standard LaTeX document class
("C:\Program Files (x86)\MiKTeX 2.9\tex\latex\base\bk10.clo"
File: bk10.clo 2007/10/19 v1.4h Standard LaTeX file (size option)
)
\c@part=\count79
\c@chapter=\count80
\c@section=\count81
\c@subsection=\count82
\c@subsubsection=\count83
\c@paragraph=\count84
\c@subparagraph=\count85
\c@figure=\count86
\c@table=\count87
\abovecaptionskip=\skip41
\belowcaptionskip=\skip42
\bibindent=\dimen102
)
("C:\Program Files (x86)\MiKTeX 2.9\tex\latex\base\fixltx2e.sty"
Package: fixltx2e 2006/09/13 v1.1m fixes to LaTeX
LaTeX Info: Redefining \em on input line 420.
)
("C:\Program Files (x86)\MiKTeX 2.9\tex\latex\geometry\geometry.sty"
Package: geometry 2010/09/12 v5.6 Page Geometry

("C:\Program Files (x86)\MiKTeX 2.9\tex\latex\graphics\keyval.sty"
Package: keyval 1999/03/16 v1.13 key=value parser (DPC)
\KV@toks@=\toks14
)
("C:\Program Files (x86)\MiKTeX 2.9\tex\generic\oberdiek\ifpdf.sty"
Package: ifpdf 2011/01/30 v2.3 Provides the ifpdf switch (HO)
Package ifpdf Info: pdfTeX in PDF mode is detected.
)
("C:\Program Files (x86)\MiKTeX 2.9\tex\generic\oberdiek\ifvtex.sty"
Package: ifvtex 2010/03/01 v1.5 Detect VTeX and its facilities (HO)
Package ifvtex Info: VTeX not detected.
)
("C:\Program Files (x86)\MiKTeX 2.9\tex\generic\ifxetex\ifxetex.sty"
Package: ifxetex 2010/09/12 v0.6 Provides ifxetex conditional
)
\Gm@cnth=\count88
\Gm@cntv=\count89
\c@Gm@tempcnt=\count90
\Gm@bindingoffset=\dimen103
\Gm@wd@mp=\dimen104
\Gm@odd@mp=\dimen105
\Gm@even@mp=\dimen106
\Gm@layoutwidth=\dimen107
\Gm@layoutheight=\dimen108
\Gm@layouthoffset=\dimen109
\Gm@layoutvoffset=\dimen110
\Gm@dimlist=\toks15

("C:\Program Files (x86)\MiKTeX 2.9\tex\latex\geometry\geometry.cfg"))
("C:\Program Files (x86)\MiKTeX 2.9\tex\latex\base\ifthen.sty"
Package: ifthen 2001/05/26 v1.1c Standard LaTeX ifthen package (DPC)
)
("C:\Program Files (x86)\MiKTeX 2.9\tex\generic\oberdiek\ifluatex.sty"
Package: ifluatex 2010/03/01 v1.3 Provides the ifluatex switch (HO)
Package ifluatex Info: LuaTeX not detected.
)
("C:\Program Files (x86)\MiKTeX 2.9\tex\latex\base\fontenc.sty"
Package: fontenc 2005/09/27 v1.99g Standard LaTeX package

("C:\Program Files (x86)\MiKTeX 2.9\tex\latex\base\t1enc.def"
File: t1enc.def 2005/09/27 v1.99g Standard LaTeX file
LaTeX Font Info:    Redeclaring font encoding T1 on input line 43.
))
("C:\Program Files (x86)\MiKTeX 2.9\tex\latex\base\inputenc.sty"
Package: inputenc 2008/03/30 v1.1d Input encoding file
\inpenc@prehook=\toks16
\inpenc@posthook=\toks17

("C:\Program Files (x86)\MiKTeX 2.9\tex\latex\base\utf8.def"
File: utf8.def 2008/04/05 v1.1m UTF-8 support for inputenc
Now handling font encoding OML ...
... no UTF-8 mapping file for font encoding OML
Now handling font encoding T1 ...
... processing UTF-8 mapping file for font encoding T1

("C:\Program Files (x86)\MiKTeX 2.9\tex\latex\base\t1enc.dfu"
File: t1enc.dfu 2008/04/05 v1.1m UTF-8 support for inputenc
   defining Unicode char U+00A1 (decimal 161)
   defining Unicode char U+00A3 (decimal 163)
   defining Unicode char U+00AB (decimal 171)
   defining Unicode char U+00BB (decimal 187)
   defining Unicode char U+00BF (decimal 191)
   defining Unicode char U+00C0 (decimal 192)
   defining Unicode char U+00C1 (decimal 193)
   defining Unicode char U+00C2 (decimal 194)
   defining Unicode char U+00C3 (decimal 195)
   defining Unicode char U+00C4 (decimal 196)
   defining Unicode char U+00C5 (decimal 197)
   defining Unicode char U+00C6 (decimal 198)
   defining Unicode char U+00C7 (decimal 199)
   defining Unicode char U+00C8 (decimal 200)
   defining Unicode char U+00C9 (decimal 201)
   defining Unicode char U+00CA (decimal 202)
   defining Unicode char U+00CB (decimal 203)
   defining Unicode char U+00CC (decimal 204)
   defining Unicode char U+00CD (decimal 205)
   defining Unicode char U+00CE (decimal 206)
   defining Unicode char U+00CF (decimal 207)
   defining Unicode char U+00D0 (decimal 208)
   defining Unicode char U+00D1 (decimal 209)
   defining Unicode char U+00D2 (decimal 210)
   defining Unicode char U+00D3 (decimal 211)
   defining Unicode char U+00D4 (decimal 212)
   defining Unicode char U+00D5 (decimal 213)
   defining Unicode char U+00D6 (decimal 214)
   defining Unicode char U+00D8 (decimal 216)
   defining Unicode char U+00D9 (decimal 217)
   defining Unicode char U+00DA (decimal 218)
   defining Unicode char U+00DB (decimal 219)
   defining Unicode char U+00DC (decimal 220)
   defining Unicode char U+00DD (decimal 221)
   defining Unicode char U+00DE (decimal 222)
   defining Unicode char U+00DF (decimal 223)
   defining Unicode char U+00E0 (decimal 224)
   defining Unicode char U+00E1 (decimal 225)
   defining Unicode char U+00E2 (decimal 226)
   defining Unicode char U+00E3 (decimal 227)
   defining Unicode char U+00E4 (decimal 228)
   defining Unicode char U+00E5 (decimal 229)
   defining Unicode char U+00E6 (decimal 230)
   defining Unicode char U+00E7 (decimal 231)
   defining Unicode char U+00E8 (decimal 232)
   defining Unicode char U+00E9 (decimal 233)
   defining Unicode char U+00EA (decimal 234)
   defining Unicode char U+00EB (decimal 235)
   defining Unicode char U+00EC (decimal 236)
   defining Unicode char U+00ED (decimal 237)
   defining Unicode char U+00EE (decimal 238)
   defining Unicode char U+00EF (decimal 239)
   defining Unicode char U+00F0 (decimal 240)
   defining Unicode char U+00F1 (decimal 241)
   defining Unicode char U+00F2 (decimal 242)
   defining Unicode char U+00F3 (decimal 243)
   defining Unicode char U+00F4 (decimal 244)
   defining Unicode char U+00F5 (decimal 245)
   defining Unicode char U+00F6 (decimal 246)
   defining Unicode char U+00F8 (decimal 248)
   defining Unicode char U+00F9 (decimal 249)
   defining Unicode char U+00FA (decimal 250)
   defining Unicode char U+00FB (decimal 251)
   defining Unicode char U+00FC (decimal 252)
   defining Unicode char U+00FD (decimal 253)
   defining Unicode char U+00FE (decimal 254)
   defining Unicode char U+00FF (decimal 255)
   defining Unicode char U+0102 (decimal 258)
   defining Unicode char U+0103 (decimal 259)
   defining Unicode char U+0104 (decimal 260)
   defining Unicode char U+0105 (decimal 261)
   defining Unicode char U+0106 (decimal 262)
   defining Unicode char U+0107 (decimal 263)
   defining Unicode char U+010C (decimal 268)
   defining Unicode char U+010D (decimal 269)
   defining Unicode char U+010E (decimal 270)
   defining Unicode char U+010F (decimal 271)
   defining Unicode char U+0110 (decimal 272)
   defining Unicode char U+0111 (decimal 273)
   defining Unicode char U+0118 (decimal 280)
   defining Unicode char U+0119 (decimal 281)
   defining Unicode char U+011A (decimal 282)
   defining Unicode char U+011B (decimal 283)
   defining Unicode char U+011E (decimal 286)
   defining Unicode char U+011F (decimal 287)
   defining Unicode char U+0130 (decimal 304)
   defining Unicode char U+0131 (decimal 305)
   defining Unicode char U+0132 (decimal 306)
   defining Unicode char U+0133 (decimal 307)
   defining Unicode char U+0139 (decimal 313)
   defining Unicode char U+013A (decimal 314)
   defining Unicode char U+013D (decimal 317)
   defining Unicode char U+013E (decimal 318)
   defining Unicode char U+0141 (decimal 321)
   defining Unicode char U+0142 (decimal 322)
   defining Unicode char U+0143 (decimal 323)
   defining Unicode char U+0144 (decimal 324)
   defining Unicode char U+0147 (decimal 327)
   defining Unicode char U+0148 (decimal 328)
   defining Unicode char U+014A (decimal 330)
   defining Unicode char U+014B (decimal 331)
   defining Unicode char U+0150 (decimal 336)
   defining Unicode char U+0151 (decimal 337)
   defining Unicode char U+0152 (decimal 338)
   defining Unicode char U+0153 (decimal 339)
   defining Unicode char U+0154 (decimal 340)
   defining Unicode char U+0155 (decimal 341)
   defining Unicode char U+0158 (decimal 344)
   defining Unicode char U+0159 (decimal 345)
   defining Unicode char U+015A (decimal 346)
   defining Unicode char U+015B (decimal 347)
   defining Unicode char U+015E (decimal 350)
   defining Unicode char U+015F (decimal 351)
   defining Unicode char U+0160 (decimal 352)
   defining Unicode char U+0161 (decimal 353)
   defining Unicode char U+0162 (decimal 354)
   defining Unicode char U+0163 (decimal 355)
   defining Unicode char U+0164 (decimal 356)
   defining Unicode char U+0165 (decimal 357)
   defining Unicode char U+016E (decimal 366)
   defining Unicode char U+016F (decimal 367)
   defining Unicode char U+0170 (decimal 368)
   defining Unicode char U+0171 (decimal 369)
   defining Unicode char U+0178 (decimal 376)
   defining Unicode char U+0179 (decimal 377)
   defining Unicode char U+017A (decimal 378)
   defining Unicode char U+017B (decimal 379)
   defining Unicode char U+017C (decimal 380)
   defining Unicode char U+017D (decimal 381)
   defining Unicode char U+017E (decimal 382)
   defining Unicode char U+200C (decimal 8204)
   defining Unicode char U+2013 (decimal 8211)
   defining Unicode char U+2014 (decimal 8212)
   defining Unicode char U+2018 (decimal 8216)
   defining Unicode char U+2019 (decimal 8217)
   defining Unicode char U+201A (decimal 8218)
   defining Unicode char U+201C (decimal 8220)
   defining Unicode char U+201D (decimal 8221)
   defining Unicode char U+201E (decimal 8222)
   defining Unicode char U+2030 (decimal 8240)
   defining Unicode char U+2031 (decimal 8241)
   defining Unicode char U+2039 (decimal 8249)
   defining Unicode char U+203A (decimal 8250)
   defining Unicode char U+2423 (decimal 9251)
)
Now handling font encoding OT1 ...
... processing UTF-8 mapping file for font encoding OT1

("C:\Program Files (x86)\MiKTeX 2.9\tex\latex\base\ot1enc.dfu"
File: ot1enc.dfu 2008/04/05 v1.1m UTF-8 support for inputenc
   defining Unicode char U+00A1 (decimal 161)
   defining Unicode char U+00A3 (decimal 163)
   defining Unicode char U+00B8 (decimal 184)
   defining Unicode char U+00BF (decimal 191)
   defining Unicode char U+00C5 (decimal 197)
   defining Unicode char U+00C6 (decimal 198)
   defining Unicode char U+00D8 (decimal 216)
   defining Unicode char U+00DF (decimal 223)
   defining Unicode char U+00E6 (decimal 230)
   defining Unicode char U+00EC (decimal 236)
   defining Unicode char U+00ED (decimal 237)
   defining Unicode char U+00EE (decimal 238)
   defining Unicode char U+00EF (decimal 239)
   defining Unicode char U+00F8 (decimal 248)
   defining Unicode char U+0131 (decimal 305)
   defining Unicode char U+0141 (decimal 321)
   defining Unicode char U+0142 (decimal 322)
   defining Unicode char U+0152 (decimal 338)
   defining Unicode char U+0153 (decimal 339)
   defining Unicode char U+2013 (decimal 8211)
   defining Unicode char U+2014 (decimal 8212)
   defining Unicode char U+2018 (decimal 8216)
   defining Unicode char U+2019 (decimal 8217)
   defining Unicode char U+201C (decimal 8220)
   defining Unicode char U+201D (decimal 8221)
)
Now handling font encoding OMS ...
... processing UTF-8 mapping file for font encoding OMS

("C:\Program Files (x86)\MiKTeX 2.9\tex\latex\base\omsenc.dfu"
File: omsenc.dfu 2008/04/05 v1.1m UTF-8 support for inputenc
   defining Unicode char U+00A7 (decimal 167)
   defining Unicode char U+00B6 (decimal 182)
   defining Unicode char U+00B7 (decimal 183)
   defining Unicode char U+2020 (decimal 8224)
   defining Unicode char U+2021 (decimal 8225)
   defining Unicode char U+2022 (decimal 8226)
)
Now handling font encoding OMX ...
... no UTF-8 mapping file for font encoding OMX
Now handling font encoding U ...
... no UTF-8 mapping file for font encoding U
   defining Unicode char U+00A9 (decimal 169)
   defining Unicode char U+00AA (decimal 170)
   defining Unicode char U+00AE (decimal 174)
   defining Unicode char U+00BA (decimal 186)
   defining Unicode char U+02C6 (decimal 710)
   defining Unicode char U+02DC (decimal 732)
   defining Unicode char U+200C (decimal 8204)
   defining Unicode char U+2026 (decimal 8230)
   defining Unicode char U+2122 (decimal 8482)
   defining Unicode char U+2423 (decimal 9251)
))
("C:\Program Files (x86)\MiKTeX 2.9\tex\latex\inconsolata\zi4.sty"
Package: zi4 2016/02/22 v1.10

`inconsolata-zi4' v1.10, 2016/02/22 Text macros for Inconsolata (msharpe)
("C:\Program Files (x86)\MiKTeX 2.9\tex\latex\base\textcomp.sty"
Package: textcomp 2005/09/27 v1.99g Standard LaTeX package
Package textcomp Info: Sub-encoding information:
(textcomp)               5 = only ISO-Adobe without \textcurrency
(textcomp)               4 = 5 + \texteuro
(textcomp)               3 = 4 + \textohm
(textcomp)               2 = 3 + \textestimated + \textcurrency
(textcomp)               1 = TS1 - \textcircled - \t
(textcomp)               0 = TS1 (full)
(textcomp)             Font families with sub-encoding setting implement
(textcomp)             only a restricted character set as indicated.
(textcomp)             Family '?' is the default used for unknown fonts.
(textcomp)             See the documentation for details.
Package textcomp Info: Setting ? sub-encoding to TS1/1 on input line 71.

("C:\Program Files (x86)\MiKTeX 2.9\tex\latex\base\ts1enc.def"
File: ts1enc.def 2001/06/05 v3.0e (jk/car/fm) Standard LaTeX file
Now handling font encoding TS1 ...
... processing UTF-8 mapping file for font encoding TS1

("C:\Program Files (x86)\MiKTeX 2.9\tex\latex\base\ts1enc.dfu"
File: ts1enc.dfu 2008/04/05 v1.1m UTF-8 support for inputenc
   defining Unicode char U+00A2 (decimal 162)
   defining Unicode char U+00A3 (decimal 163)
   defining Unicode char U+00A4 (decimal 164)
   defining Unicode char U+00A5 (decimal 165)
   defining Unicode char U+00A6 (decimal 166)
   defining Unicode char U+00A7 (decimal 167)
   defining Unicode char U+00A8 (decimal 168)
   defining Unicode char U+00A9 (decimal 169)
   defining Unicode char U+00AA (decimal 170)
   defining Unicode char U+00AC (decimal 172)
   defining Unicode char U+00AE (decimal 174)
   defining Unicode char U+00AF (decimal 175)
   defining Unicode char U+00B0 (decimal 176)
   defining Unicode char U+00B1 (decimal 177)
   defining Unicode char U+00B2 (decimal 178)
   defining Unicode char U+00B3 (decimal 179)
   defining Unicode char U+00B4 (decimal 180)
   defining Unicode char U+00B5 (decimal 181)
   defining Unicode char U+00B6 (decimal 182)
   defining Unicode char U+00B7 (decimal 183)
   defining Unicode char U+00B9 (decimal 185)
   defining Unicode char U+00BA (decimal 186)
   defining Unicode char U+00BC (decimal 188)
   defining Unicode char U+00BD (decimal 189)
   defining Unicode char U+00BE (decimal 190)
   defining Unicode char U+00D7 (decimal 215)
   defining Unicode char U+00F7 (decimal 247)
   defining Unicode char U+0192 (decimal 402)
   defining Unicode char U+02C7 (decimal 711)
   defining Unicode char U+02D8 (decimal 728)
   defining Unicode char U+02DD (decimal 733)
   defining Unicode char U+0E3F (decimal 3647)
   defining Unicode char U+2016 (decimal 8214)
   defining Unicode char U+2020 (decimal 8224)
   defining Unicode char U+2021 (decimal 8225)
   defining Unicode char U+2022 (decimal 8226)
   defining Unicode char U+2030 (decimal 8240)
   defining Unicode char U+2031 (decimal 8241)
   defining Unicode char U+203B (decimal 8251)
   defining Unicode char U+203D (decimal 8253)
   defining Unicode char U+2044 (decimal 8260)
   defining Unicode char U+204E (decimal 8270)
   defining Unicode char U+2052 (decimal 8274)
   defining Unicode char U+20A1 (decimal 8353)
   defining Unicode char U+20A4 (decimal 8356)
   defining Unicode char U+20A6 (decimal 8358)
   defining Unicode char U+20A9 (decimal 8361)
   defining Unicode char U+20AB (decimal 8363)
   defining Unicode char U+20AC (decimal 8364)
   defining Unicode char U+20B1 (decimal 8369)
   defining Unicode char U+2103 (decimal 8451)
   defining Unicode char U+2116 (decimal 8470)
   defining Unicode char U+2117 (decimal 8471)
   defining Unicode char U+211E (decimal 8478)
   defining Unicode char U+2120 (decimal 8480)
   defining Unicode char U+2122 (decimal 8482)
   defining Unicode char U+2126 (decimal 8486)
   defining Unicode char U+2127 (decimal 8487)
   defining Unicode char U+212E (decimal 8494)
   defining Unicode char U+2190 (decimal 8592)
   defining Unicode char U+2191 (decimal 8593)
   defining Unicode char U+2192 (decimal 8594)
   defining Unicode char U+2193 (decimal 8595)
   defining Unicode char U+2329 (decimal 9001)
   defining Unicode char U+232A (decimal 9002)
   defining Unicode char U+2422 (decimal 9250)
   defining Unicode char U+25E6 (decimal 9702)
   defining Unicode char U+25EF (decimal 9711)
   defining Unicode char U+266A (decimal 9834)
))
LaTeX Info: Redefining \oldstylenums on input line 266.
Package textcomp Info: Setting cmr sub-encoding to TS1/0 on input line 281.
Package textcomp Info: Setting cmss sub-encoding to TS1/0 on input line 282.
Package textcomp Info: Setting cmtt sub-encoding to TS1/0 on input line 283.
Package textcomp Info: Setting cmvtt sub-encoding to TS1/0 on input line 284.
Package textcomp Info: Setting cmbr sub-encoding to TS1/0 on input line 285.
Package textcomp Info: Setting cmtl sub-encoding to TS1/0 on input line 286.
Package textcomp Info: Setting ccr sub-encoding to TS1/0 on input line 287.
Package textcomp Info: Setting ptm sub-encoding to TS1/4 on input line 288.
Package textcomp Info: Setting pcr sub-encoding to TS1/4 on input line 289.
Package textcomp Info: Setting phv sub-encoding to TS1/4 on input line 290.
Package textcomp Info: Setting ppl sub-encoding to TS1/3 on input line 291.
Package textcomp Info: Setting pag sub-encoding to TS1/4 on input line 292.
Package textcomp Info: Setting pbk sub-encoding to TS1/4 on input line 293.
Package textcomp Info: Setting pnc sub-encoding to TS1/4 on input line 294.
Package textcomp Info: Setting pzc sub-encoding to TS1/4 on input line 295.
Package textcomp Info: Setting bch sub-encoding to TS1/4 on input line 296.
Package textcomp Info: Setting put sub-encoding to TS1/5 on input line 297.
Package textcomp Info: Setting uag sub-encoding to TS1/5 on input line 298.
Package textcomp Info: Setting ugq sub-encoding to TS1/5 on input line 299.
Package textcomp Info: Setting ul8 sub-encoding to TS1/4 on input line 300.
Package textcomp Info: Setting ul9 sub-encoding to TS1/4 on input line 301.
Package textcomp Info: Setting augie sub-encoding to TS1/5 on input line 302.
Package textcomp Info: Setting dayrom sub-encoding to TS1/3 on input line 303.
Package textcomp Info: Setting dayroms sub-encoding to TS1/3 on input line 304.

Package textcomp Info: Setting pxr sub-encoding to TS1/0 on input line 305.
Package textcomp Info: Setting pxss sub-encoding to TS1/0 on input line 306.
Package textcomp Info: Setting pxtt sub-encoding to TS1/0 on input line 307.
Package textcomp Info: Setting txr sub-encoding to TS1/0 on input line 308.
Package textcomp Info: Setting txss sub-encoding to TS1/0 on input line 309.
Package textcomp Info: Setting txtt sub-encoding to TS1/0 on input line 310.
Package textcomp Info: Setting lmr sub-encoding to TS1/0 on input line 311.
Package textcomp Info: Setting lmdh sub-encoding to TS1/0 on input line 312.
Package textcomp Info: Setting lmss sub-encoding to TS1/0 on input line 313.
Package textcomp Info: Setting lmssq sub-encoding to TS1/0 on input line 314.
Package textcomp Info: Setting lmvtt sub-encoding to TS1/0 on input line 315.
Package textcomp Info: Setting qhv sub-encoding to TS1/0 on input line 316.
Package textcomp Info: Setting qag sub-encoding to TS1/0 on input line 317.
Package textcomp Info: Setting qbk sub-encoding to TS1/0 on input line 318.
Package textcomp Info: Setting qcr sub-encoding to TS1/0 on input line 319.
Package textcomp Info: Setting qcs sub-encoding to TS1/0 on input line 320.
Package textcomp Info: Setting qpl sub-encoding to TS1/0 on input line 321.
Package textcomp Info: Setting qtm sub-encoding to TS1/0 on input line 322.
Package textcomp Info: Setting qzc sub-encoding to TS1/0 on input line 323.
Package textcomp Info: Setting qhvc sub-encoding to TS1/0 on input line 324.
Package textcomp Info: Setting futs sub-encoding to TS1/4 on input line 325.
Package textcomp Info: Setting futx sub-encoding to TS1/4 on input line 326.
Package textcomp Info: Setting futj sub-encoding to TS1/4 on input line 327.
Package textcomp Info: Setting hlh sub-encoding to TS1/3 on input line 328.
Package textcomp Info: Setting hls sub-encoding to TS1/3 on input line 329.
Package textcomp Info: Setting hlst sub-encoding to TS1/3 on input line 330.
Package textcomp Info: Setting hlct sub-encoding to TS1/5 on input line 331.
Package textcomp Info: Setting hlx sub-encoding to TS1/5 on input line 332.
Package textcomp Info: Setting hlce sub-encoding to TS1/5 on input line 333.
Package textcomp Info: Setting hlcn sub-encoding to TS1/5 on input line 334.
Package textcomp Info: Setting hlcw sub-encoding to TS1/5 on input line 335.
Package textcomp Info: Setting hlcf sub-encoding to TS1/5 on input line 336.
Package textcomp Info: Setting pplx sub-encoding to TS1/3 on input line 337.
Package textcomp Info: Setting pplj sub-encoding to TS1/3 on input line 338.
Package textcomp Info: Setting ptmx sub-encoding to TS1/4 on input line 339.
Package textcomp Info: Setting ptmj sub-encoding to TS1/4 on input line 340.
)
\zifour@ocount=\count91
)
("C:\Program Files (x86)\MiKTeX 2.9\tex\latex\amsmath\amsmath.sty"
Package: amsmath 2013/01/14 v2.14 AMS math features
\@mathmargin=\skip43

For additional information on amsmath, use the `?' option.
("C:\Program Files (x86)\MiKTeX 2.9\tex\latex\amsmath\amstext.sty"
Package: amstext 2000/06/29 v2.01

("C:\Program Files (x86)\MiKTeX 2.9\tex\latex\amsmath\amsgen.sty"
File: amsgen.sty 1999/11/30 v2.0
\@emptytoks=\toks18
\ex@=\dimen111
))
("C:\Program Files (x86)\MiKTeX 2.9\tex\latex\amsmath\amsbsy.sty"
Package: amsbsy 1999/11/29 v1.2d
\pmbraise@=\dimen112
)
("C:\Program Files (x86)\MiKTeX 2.9\tex\latex\amsmath\amsopn.sty"
Package: amsopn 1999/12/14 v2.01 operator names
)
\inf@bad=\count92
LaTeX Info: Redefining \frac on input line 210.
\uproot@=\count93
\leftroot@=\count94
LaTeX Info: Redefining \overline on input line 306.
\classnum@=\count95
\DOTSCASE@=\count96
LaTeX Info: Redefining \ldots on input line 378.
LaTeX Info: Redefining \dots on input line 381.
LaTeX Info: Redefining \cdots on input line 466.
\Mathstrutbox@=\box26
\strutbox@=\box27
\big@size=\dimen113
LaTeX Font Info:    Redeclaring font encoding OML on input line 566.
LaTeX Font Info:    Redeclaring font encoding OMS on input line 567.
\macc@depth=\count97
\c@MaxMatrixCols=\count98
\dotsspace@=\muskip10
\c@parentequation=\count99
\dspbrk@lvl=\count100
\tag@help=\toks19
\row@=\count101
\column@=\count102
\maxfields@=\count103
\andhelp@=\toks20
\eqnshift@=\dimen114
\alignsep@=\dimen115
\tagshift@=\dimen116
\tagwidth@=\dimen117
\totwidth@=\dimen118
\lineht@=\dimen119
\@envbody=\toks21
\multlinegap=\skip44
\multlinetaggap=\skip45
\mathdisplay@stack=\toks22
LaTeX Info: Redefining \[ on input line 2665.
LaTeX Info: Redefining \] on input line 2666.
)
("C:\Program Files (x86)\MiKTeX 2.9\tex\latex\amsfonts\amssymb.sty"
Package: amssymb 2013/01/14 v3.01 AMS font symbols

("C:\Program Files (x86)\MiKTeX 2.9\tex\latex\amsfonts\amsfonts.sty"
Package: amsfonts 2013/01/14 v3.01 Basic AMSFonts support
\symAMSa=\mathgroup4
\symAMSb=\mathgroup5
LaTeX Font Info:    Overwriting math alphabet `\mathfrak' in version `bold'
(Font)                  U/euf/m/n --> U/euf/b/n on input line 106.
))
("C:\Program Files (x86)\MiKTeX 2.9\tex\latex\xcolor\xcolor.sty"
Package: xcolor 2007/01/21 v2.11 LaTeX color extensions (UK)

("C:\Program Files (x86)\MiKTeX 2.9\tex\latex\00miktex\color.cfg"
File: color.cfg 2007/01/18 v1.5 color configuration of teTeX/TeXLive
)
Package xcolor Info: Package option `usenames' ignored on input line 216.
Package xcolor Info: Driver file: pdftex.def on input line 225.

("C:\Program Files (x86)\MiKTeX 2.9\tex\latex\pdftex-def\pdftex.def"
File: pdftex.def 2011/05/27 v0.06d Graphics/color for pdfTeX

("C:\Program Files (x86)\MiKTeX 2.9\tex\generic\oberdiek\infwarerr.sty"
Package: infwarerr 2010/04/08 v1.3 Providing info/warning/error messages (HO)
)
("C:\Program Files (x86)\MiKTeX 2.9\tex\generic\oberdiek\ltxcmds.sty"
Package: ltxcmds 2011/11/09 v1.22 LaTeX kernel commands for general use (HO)
)
\Gread@gobject=\count104
)
("C:\Program Files (x86)\MiKTeX 2.9\tex\latex\colortbl\colortbl.sty"
Package: colortbl 2012/02/13 v1.0a Color table columns (DPC)

("C:\Program Files (x86)\MiKTeX 2.9\tex\latex\tools\array.sty"
Package: array 2008/09/09 v2.4c Tabular extension package (FMi)
\col@sep=\dimen120
\extrarowheight=\dimen121
\NC@list=\toks23
\extratabsurround=\skip46
\backup@length=\skip47
)
\everycr=\toks24
\minrowclearance=\skip48
)
\rownum=\count105
Package xcolor Info: Model `cmy' substituted by `cmy0' on input line 1337.
Package xcolor Info: Model `hsb' substituted by `rgb' on input line 1341.
Package xcolor Info: Model `RGB' extended on input line 1353.
Package xcolor Info: Model `HTML' substituted by `rgb' on input line 1355.
Package xcolor Info: Model `Hsb' substituted by `hsb' on input line 1356.
Package xcolor Info: Model `tHsb' substituted by `hsb' on input line 1357.
Package xcolor Info: Model `HSB' substituted by `hsb' on input line 1358.
Package xcolor Info: Model `Gray' substituted by `gray' on input line 1359.
Package xcolor Info: Model `wave' substituted by `hsb' on input line 1360.

("C:\Program Files (x86)\MiKTeX 2.9\tex\latex\graphics\dvipsnam.def"
File: dvipsnam.def 1999/02/16 v3.0i Driver-dependant file (DPC,SPQR)
)
("C:\Program Files (x86)\MiKTeX 2.9\tex\latex\xcolor\svgnam.def"
File: svgnam.def 2007/01/21 v2.11 Predefined colors according to SVG 1.1 (UK)
))
("C:\Program Files (x86)\MiKTeX 2.9\tex\latex\pgf\frontendlayer\tikz.sty"
("C:\Program Files (x86)\MiKTeX 2.9\tex\latex\pgf\basiclayer\pgf.sty"
("C:\Program Files (x86)\MiKTeX 2.9\tex\latex\pgf\utilities\pgfrcs.sty"
("C:\Program Files (x86)\MiKTeX 2.9\tex\generic\pgf\utilities\pgfutil-common.te
x"
\pgfutil@everybye=\toks25
\pgfutil@tempdima=\dimen122
\pgfutil@tempdimb=\dimen123

("C:\Program Files (x86)\MiKTeX 2.9\tex\generic\pgf\utilities\pgfutil-common-li
sts.tex"))
("C:\Program Files (x86)\MiKTeX 2.9\tex\generic\pgf\utilities\pgfutil-latex.def
"
\pgfutil@abb=\box28
 ("C:\Program Files (x86)\MiKTeX 2.9\tex\latex\ms\everyshi.sty"
Package: everyshi 2001/05/15 v3.00 EveryShipout Package (MS)
))
("C:\Program Files (x86)\MiKTeX 2.9\tex\generic\pgf\utilities\pgfrcs.code.tex"
Package: pgfrcs 2015/08/07 v3.0.1a (rcs-revision 1.31)
))
Package: pgf 2015/08/07 v3.0.1a (rcs-revision 1.15)
 ("C:\Program Files (x86)\MiKTeX 2.9\tex\latex\pgf\basiclayer\pgfcore.sty"
("C:\Program Files (x86)\MiKTeX 2.9\tex\latex\graphics\graphicx.sty"
Package: graphicx 1999/02/16 v1.0f Enhanced LaTeX Graphics (DPC,SPQR)

("C:\Program Files (x86)\MiKTeX 2.9\tex\latex\graphics\graphics.sty"
Package: graphics 2009/02/05 v1.0o Standard LaTeX Graphics (DPC,SPQR)

("C:\Program Files (x86)\MiKTeX 2.9\tex\latex\graphics\trig.sty"
Package: trig 1999/03/16 v1.09 sin cos tan (DPC)
)
("C:\Program Files (x86)\MiKTeX 2.9\tex\latex\00miktex\graphics.cfg"
File: graphics.cfg 2007/01/18 v1.5 graphics configuration of teTeX/TeXLive
)
Package graphics Info: Driver file: pdftex.def on input line 91.
)
\Gin@req@height=\dimen124
\Gin@req@width=\dimen125
)
("C:\Program Files (x86)\MiKTeX 2.9\tex\latex\pgf\systemlayer\pgfsys.sty"
("C:\Program Files (x86)\MiKTeX 2.9\tex\generic\pgf\systemlayer\pgfsys.code.tex
"
Package: pgfsys 2014/07/09 v3.0.1a (rcs-revision 1.48)
 ("C:\Program Files (x86)\MiKTeX 2.9\tex\generic\pgf\utilities\pgfkeys.code.tex
"
\pgfkeys@pathtoks=\toks26
\pgfkeys@temptoks=\toks27

("C:\Program Files (x86)\MiKTeX 2.9\tex\generic\pgf\utilities\pgfkeysfiltered.c
ode.tex"
\pgfkeys@tmptoks=\toks28
))
\pgf@x=\dimen126
\pgf@y=\dimen127
\pgf@xa=\dimen128
\pgf@ya=\dimen129
\pgf@xb=\dimen130
\pgf@yb=\dimen131
\pgf@xc=\dimen132
\pgf@yc=\dimen133
\w@pgf@writea=\write3
\r@pgf@reada=\read1
\c@pgf@counta=\count106
\c@pgf@countb=\count107
\c@pgf@countc=\count108
\c@pgf@countd=\count109
\t@pgf@toka=\toks29
\t@pgf@tokb=\toks30
\t@pgf@tokc=\toks31

("C:\Program Files (x86)\MiKTeX 2.9\tex\generic\pgf\systemlayer\pgf.cfg"
File: pgf.cfg 2008/05/14  (rcs-revision 1.7)
)
Driver file for pgf: pgfsys-pdftex.def

("C:\Program Files (x86)\MiKTeX 2.9\tex\generic\pgf\systemlayer\pgfsys-pdftex.d
ef"
File: pgfsys-pdftex.def 2014/10/11  (rcs-revision 1.35)

("C:\Program Files (x86)\MiKTeX 2.9\tex\generic\pgf\systemlayer\pgfsys-common-p
df.def"
File: pgfsys-common-pdf.def 2013/10/10  (rcs-revision 1.13)
)))
("C:\Program Files (x86)\MiKTeX 2.9\tex\generic\pgf\systemlayer\pgfsyssoftpath.
code.tex"
File: pgfsyssoftpath.code.tex 2013/09/09  (rcs-revision 1.9)
\pgfsyssoftpath@smallbuffer@items=\count110
\pgfsyssoftpath@bigbuffer@items=\count111
)
("C:\Program Files (x86)\MiKTeX 2.9\tex\generic\pgf\systemlayer\pgfsysprotocol.
code.tex"
File: pgfsysprotocol.code.tex 2006/10/16  (rcs-revision 1.4)
))
("C:\Program Files (x86)\MiKTeX 2.9\tex\generic\pgf\basiclayer\pgfcore.code.tex
"
Package: pgfcore 2010/04/11 v3.0.1a (rcs-revision 1.7)
 ("C:\Program Files (x86)\MiKTeX 2.9\tex\generic\pgf\math\pgfmath.code.tex"
("C:\Program Files (x86)\MiKTeX 2.9\tex\generic\pgf\math\pgfmathcalc.code.tex"
("C:\Program Files (x86)\MiKTeX 2.9\tex\generic\pgf\math\pgfmathutil.code.tex")
("C:\Program Files (x86)\MiKTeX 2.9\tex\generic\pgf\math\pgfmathparser.code.tex
"
\pgfmath@dimen=\dimen134
\pgfmath@count=\count112
\pgfmath@box=\box29
\pgfmath@toks=\toks32
\pgfmath@stack@operand=\toks33
\pgfmath@stack@operation=\toks34
)
("C:\Program Files (x86)\MiKTeX 2.9\tex\generic\pgf\math\pgfmathfunctions.code.
tex"
("C:\Program Files (x86)\MiKTeX 2.9\tex\generic\pgf\math\pgfmathfunctions.basic
.code.tex")
("C:\Program Files (x86)\MiKTeX 2.9\tex\generic\pgf\math\pgfmathfunctions.trigo
nometric.code.tex")
("C:\Program Files (x86)\MiKTeX 2.9\tex\generic\pgf\math\pgfmathfunctions.rando
m.code.tex")
("C:\Program Files (x86)\MiKTeX 2.9\tex\generic\pgf\math\pgfmathfunctions.compa
rison.code.tex")
("C:\Program Files (x86)\MiKTeX 2.9\tex\generic\pgf\math\pgfmathfunctions.base.
code.tex")
("C:\Program Files (x86)\MiKTeX 2.9\tex\generic\pgf\math\pgfmathfunctions.round
.code.tex")
("C:\Program Files (x86)\MiKTeX 2.9\tex\generic\pgf\math\pgfmathfunctions.misc.
code.tex")
("C:\Program Files (x86)\MiKTeX 2.9\tex\generic\pgf\math\pgfmathfunctions.integ
erarithmetics.code.tex")))
("C:\Program Files (x86)\MiKTeX 2.9\tex\generic\pgf\math\pgfmathfloat.code.tex"
\c@pgfmathroundto@lastzeros=\count113
))
("C:\Program Files (x86)\MiKTeX 2.9\tex\generic\pgf\basiclayer\pgfcorepoints.co
de.tex"
File: pgfcorepoints.code.tex 2013/10/07  (rcs-revision 1.27)
\pgf@picminx=\dimen135
\pgf@picmaxx=\dimen136
\pgf@picminy=\dimen137
\pgf@picmaxy=\dimen138
\pgf@pathminx=\dimen139
\pgf@pathmaxx=\dimen140
\pgf@pathminy=\dimen141
\pgf@pathmaxy=\dimen142
\pgf@xx=\dimen143
\pgf@xy=\dimen144
\pgf@yx=\dimen145
\pgf@yy=\dimen146
\pgf@zx=\dimen147
\pgf@zy=\dimen148
)
("C:\Program Files (x86)\MiKTeX 2.9\tex\generic\pgf\basiclayer\pgfcorepathconst
ruct.code.tex"
File: pgfcorepathconstruct.code.tex 2013/10/07  (rcs-revision 1.29)
\pgf@path@lastx=\dimen149
\pgf@path@lasty=\dimen150
)
("C:\Program Files (x86)\MiKTeX 2.9\tex\generic\pgf\basiclayer\pgfcorepathusage
.code.tex"
File: pgfcorepathusage.code.tex 2014/11/02  (rcs-revision 1.24)
\pgf@shorten@end@additional=\dimen151
\pgf@shorten@start@additional=\dimen152
)
("C:\Program Files (x86)\MiKTeX 2.9\tex\generic\pgf\basiclayer\pgfcorescopes.co
de.tex"
File: pgfcorescopes.code.tex 2015/05/08  (rcs-revision 1.46)
\pgfpic=\box30
\pgf@hbox=\box31
\pgf@layerbox@main=\box32
\pgf@picture@serial@count=\count114
)
("C:\Program Files (x86)\MiKTeX 2.9\tex\generic\pgf\basiclayer\pgfcoregraphicst
ate.code.tex"
File: pgfcoregraphicstate.code.tex 2014/11/02  (rcs-revision 1.12)
\pgflinewidth=\dimen153
)
("C:\Program Files (x86)\MiKTeX 2.9\tex\generic\pgf\basiclayer\pgfcoretransform
ations.code.tex"
File: pgfcoretransformations.code.tex 2015/08/07  (rcs-revision 1.20)
\pgf@pt@x=\dimen154
\pgf@pt@y=\dimen155
\pgf@pt@temp=\dimen156
)
("C:\Program Files (x86)\MiKTeX 2.9\tex\generic\pgf\basiclayer\pgfcorequick.cod
e.tex"
File: pgfcorequick.code.tex 2008/10/09  (rcs-revision 1.3)
)
("C:\Program Files (x86)\MiKTeX 2.9\tex\generic\pgf\basiclayer\pgfcoreobjects.c
ode.tex"
File: pgfcoreobjects.code.tex 2006/10/11  (rcs-revision 1.2)
)
("C:\Program Files (x86)\MiKTeX 2.9\tex\generic\pgf\basiclayer\pgfcorepathproce
ssing.code.tex"
File: pgfcorepathprocessing.code.tex 2013/09/09  (rcs-revision 1.9)
)
("C:\Program Files (x86)\MiKTeX 2.9\tex\generic\pgf\basiclayer\pgfcorearrows.co
de.tex"
File: pgfcorearrows.code.tex 2015/05/14  (rcs-revision 1.43)
\pgfarrowsep=\dimen157
)
("C:\Program Files (x86)\MiKTeX 2.9\tex\generic\pgf\basiclayer\pgfcoreshade.cod
e.tex"
File: pgfcoreshade.code.tex 2013/07/15  (rcs-revision 1.15)
\pgf@max=\dimen158
\pgf@sys@shading@range@num=\count115
)
("C:\Program Files (x86)\MiKTeX 2.9\tex\generic\pgf\basiclayer\pgfcoreimage.cod
e.tex"
File: pgfcoreimage.code.tex 2013/07/15  (rcs-revision 1.18)

("C:\Program Files (x86)\MiKTeX 2.9\tex\generic\pgf\basiclayer\pgfcoreexternal.
code.tex"
File: pgfcoreexternal.code.tex 2014/07/09  (rcs-revision 1.21)
\pgfexternal@startupbox=\box33
))
("C:\Program Files (x86)\MiKTeX 2.9\tex\generic\pgf\basiclayer\pgfcorelayers.co
de.tex"
File: pgfcorelayers.code.tex 2013/07/18  (rcs-revision 1.7)
)
("C:\Program Files (x86)\MiKTeX 2.9\tex\generic\pgf\basiclayer\pgfcoretranspare
ncy.code.tex"
File: pgfcoretransparency.code.tex 2013/09/30  (rcs-revision 1.5)
)
("C:\Program Files (x86)\MiKTeX 2.9\tex\generic\pgf\basiclayer\pgfcorepatterns.
code.tex"
File: pgfcorepatterns.code.tex 2013/11/07  (rcs-revision 1.5)
)))
("C:\Program Files (x86)\MiKTeX 2.9\tex\generic\pgf\modules\pgfmoduleshapes.cod
e.tex"
File: pgfmoduleshapes.code.tex 2014/03/21  (rcs-revision 1.35)
\pgfnodeparttextbox=\box34
)
("C:\Program Files (x86)\MiKTeX 2.9\tex\generic\pgf\modules\pgfmoduleplot.code.
tex"
File: pgfmoduleplot.code.tex 2015/08/03  (rcs-revision 1.13)
)
("C:\Program Files (x86)\MiKTeX 2.9\tex\latex\pgf\compatibility\pgfcomp-version
-0-65.sty"
Package: pgfcomp-version-0-65 2007/07/03 v3.0.1a (rcs-revision 1.7)
\pgf@nodesepstart=\dimen159
\pgf@nodesepend=\dimen160
)
("C:\Program Files (x86)\MiKTeX 2.9\tex\latex\pgf\compatibility\pgfcomp-version
-1-18.sty"
Package: pgfcomp-version-1-18 2007/07/23 v3.0.1a (rcs-revision 1.1)
))
("C:\Program Files (x86)\MiKTeX 2.9\tex\latex\pgf\utilities\pgffor.sty"
("C:\Program Files (x86)\MiKTeX 2.9\tex\latex\pgf\utilities\pgfkeys.sty"
("C:\Program Files (x86)\MiKTeX 2.9\tex\generic\pgf\utilities\pgfkeys.code.tex"
)) ("C:\Program Files (x86)\MiKTeX 2.9\tex\latex\pgf\math\pgfmath.sty"
("C:\Program Files (x86)\MiKTeX 2.9\tex\generic\pgf\math\pgfmath.code.tex"))
("C:\Program Files (x86)\MiKTeX 2.9\tex\generic\pgf\utilities\pgffor.code.tex"
Package: pgffor 2013/12/13 v3.0.1a (rcs-revision 1.25)

("C:\Program Files (x86)\MiKTeX 2.9\tex\generic\pgf\math\pgfmath.code.tex")
\pgffor@iter=\dimen161
\pgffor@skip=\dimen162
\pgffor@stack=\toks35
\pgffor@toks=\toks36
))
("C:\Program Files (x86)\MiKTeX 2.9\tex\generic\pgf\frontendlayer\tikz\tikz.cod
e.tex"
Package: tikz 2015/08/07 v3.0.1a (rcs-revision 1.151)

("C:\Program Files (x86)\MiKTeX 2.9\tex\generic\pgf\libraries\pgflibraryplothan
dlers.code.tex"
File: pgflibraryplothandlers.code.tex 2013/08/31 v3.0.1a (rcs-revision 1.20)
\pgf@plot@mark@count=\count116
\pgfplotmarksize=\dimen163
)
\tikz@lastx=\dimen164
\tikz@lasty=\dimen165
\tikz@lastxsaved=\dimen166
\tikz@lastysaved=\dimen167
\tikzleveldistance=\dimen168
\tikzsiblingdistance=\dimen169
\tikz@figbox=\box35
\tikz@figbox@bg=\box36
\tikz@tempbox=\box37
\tikz@tempbox@bg=\box38
\tikztreelevel=\count117
\tikznumberofchildren=\count118
\tikznumberofcurrentchild=\count119
\tikz@fig@count=\count120

("C:\Program Files (x86)\MiKTeX 2.9\tex\generic\pgf\modules\pgfmodulematrix.cod
e.tex"
File: pgfmodulematrix.code.tex 2013/09/17  (rcs-revision 1.8)
\pgfmatrixcurrentrow=\count121
\pgfmatrixcurrentcolumn=\count122
\pgf@matrix@numberofcolumns=\count123
)
\tikz@expandcount=\count124

("C:\Program Files (x86)\MiKTeX 2.9\tex\generic\pgf\frontendlayer\tikz\librarie
s\tikzlibrarytopaths.code.tex"
File: tikzlibrarytopaths.code.tex 2008/06/17 v3.0.1a (rcs-revision 1.2)
)))
("C:\Program Files (x86)\MiKTeX 2.9\tex\latex\amscls\amsthm.sty"
Package: amsthm 2004/08/06 v2.20
\thm@style=\toks37
\thm@bodyfont=\toks38
\thm@headfont=\toks39
\thm@notefont=\toks40
\thm@headpunct=\toks41
\thm@preskip=\skip49
\thm@postskip=\skip50
\thm@headsep=\skip51
\dth@everypar=\toks42
)
\c@theorem=\count125
\c@project=\count126

("C:\Program Files (x86)\MiKTeX 2.9\tex\latex\mdframed\mdframed.sty"
Package: mdframed 2013/07/01 1.9b: mdframed

("C:\Program Files (x86)\MiKTeX 2.9\tex\latex\oberdiek\kvoptions.sty"
Package: kvoptions 2011/06/30 v3.11 Key value format for package options (HO)

("C:\Program Files (x86)\MiKTeX 2.9\tex\generic\oberdiek\kvsetkeys.sty"
Package: kvsetkeys 2012/04/25 v1.16 Key value parser (HO)

("C:\Program Files (x86)\MiKTeX 2.9\tex\generic\oberdiek\etexcmds.sty"
Package: etexcmds 2011/02/16 v1.5 Avoid name clashes with e-TeX commands (HO)
Package etexcmds Info: Could not find \expanded.
(etexcmds)             That can mean that you are not using pdfTeX 1.50 or
(etexcmds)             that some package has redefined \expanded.
(etexcmds)             In the latter case, load this package earlier.
)))
("C:\Program Files (x86)\MiKTeX 2.9\tex\latex\l3packages\xparse\xparse.sty"
("C:\Program Files (x86)\MiKTeX 2.9\tex\latex\l3kernel\expl3.sty"
Package: expl3 2016/05/18 v6512 L3 programming layer (loader) 

("C:\Program Files (x86)\MiKTeX 2.9\tex\latex\l3kernel\expl3-code.tex"
Package: expl3 2016/05/18 v6512 L3 programming layer (code)
L3 Module: l3bootstrap 2016/02/12 v6412 L3 Bootstrap code

("C:\Program Files (x86)\MiKTeX 2.9\tex\latex\misc\etex.sty"
Package: etex 1998/03/26 v2.0 eTeX basic definition package (PEB)
\et@xins=\count127
)
L3 Module: l3names 2016/03/11 v6433 L3 Namespace for primitives
L3 Module: l3basics 2015/11/22 v6315 L3 Basic definitions
L3 Module: l3expan 2015/09/10 v5983 L3 Argument expansion
L3 Module: l3tl 2016/03/26 v6465 L3 Token lists
L3 Module: l3str 2016/03/24 v6441 L3 Strings
L3 Module: l3seq 2015/08/05 v5777 L3 Sequences and stacks
L3 Module: l3int 2016/03/24 v6441 L3 Integers
\c_max_int=\count128
\l_tmpa_int=\count129
\l_tmpb_int=\count130
\g_tmpa_int=\count131
\g_tmpb_int=\count132
L3 Module: l3quark 2015/08/17 v5855 L3 Quarks
L3 Module: l3prg 2015/11/01 v6216 L3 Control structures
\g__prg_map_int=\count133
L3 Module: l3clist 2015/09/02 v5901 L3 Comma separated lists
L3 Module: l3token 2016/04/03 v6470 L3 Experimental token manipulation
L3 Module: l3prop 2016/01/05 v6366 L3 Property lists
L3 Module: l3msg 2016/03/26 v6464 L3 Messages
L3 Module: l3file 2016/03/25 v6458 L3 File and I/O operations
\l_iow_line_count_int=\count134
\l__iow_target_count_int=\count135
\l__iow_current_line_int=\count136
\l__iow_current_word_int=\count137
\l__iow_current_indentation_int=\count138
L3 Module: l3skip 2016/01/05 v6366 L3 Dimensions and skips
\c_zero_dim=\dimen170
\c_max_dim=\dimen171
\l_tmpa_dim=\dimen172
\l_tmpb_dim=\dimen173
\g_tmpa_dim=\dimen174
\g_tmpb_dim=\dimen175
\c_zero_skip=\skip52
\c_max_skip=\skip53
\l_tmpa_skip=\skip54
\l_tmpb_skip=\skip55
\g_tmpa_skip=\skip56
\g_tmpb_skip=\skip57
\c_zero_muskip=\muskip11
\c_max_muskip=\muskip12
\l_tmpa_muskip=\muskip13
\l_tmpb_muskip=\muskip14
\g_tmpa_muskip=\muskip15
\g_tmpb_muskip=\muskip16
L3 Module: l3keys 2015/11/17 v6284 L3 Key-value interfaces
\g__keyval_level_int=\count139
\l_keys_choice_int=\count140
L3 Module: l3fp 2016/03/26 v6465 L3 Floating points
\c__fp_leading_shift_int=\count141
\c__fp_middle_shift_int=\count142
\c__fp_trailing_shift_int=\count143
\c__fp_big_leading_shift_int=\count144
\c__fp_big_middle_shift_int=\count145
\c__fp_big_trailing_shift_int=\count146
\c__fp_Bigg_leading_shift_int=\count147
\c__fp_Bigg_middle_shift_int=\count148
\c__fp_Bigg_trailing_shift_int=\count149
L3 Module: l3box 2015/08/09 v5822 L3 Experimental boxes
\c_empty_box=\box39
\l_tmpa_box=\box40
\l_tmpb_box=\box41
\g_tmpa_box=\box42
\g_tmpb_box=\box43
L3 Module: l3coffins 2016/05/17 v6508 L3 Coffin code layer
\l__coffin_internal_box=\box44
\l__coffin_internal_dim=\dimen176
\l__coffin_offset_x_dim=\dimen177
\l__coffin_offset_y_dim=\dimen178
\l__coffin_x_dim=\dimen179
\l__coffin_y_dim=\dimen180
\l__coffin_x_prime_dim=\dimen181
\l__coffin_y_prime_dim=\dimen182
\c_empty_coffin=\box45
\l__coffin_aligned_coffin=\box46
\l__coffin_aligned_internal_coffin=\box47
\l_tmpa_coffin=\box48
\l_tmpb_coffin=\box49
\l__coffin_display_coffin=\box50
\l__coffin_display_coord_coffin=\box51
\l__coffin_display_pole_coffin=\box52
\l__coffin_display_offset_dim=\dimen183
\l__coffin_display_x_dim=\dimen184
\l__coffin_display_y_dim=\dimen185
L3 Module: l3color 2014/08/23 v5354 L3 Experimental color support
L3 Module: l3sys 2015/09/25 v6087 L3 Experimental system/runtime functions
L3 Module: l3candidates 2016/05/13 v6484 L3 Experimental additions to l3kernel
\l__box_top_dim=\dimen186
\l__box_bottom_dim=\dimen187
\l__box_left_dim=\dimen188
\l__box_right_dim=\dimen189
\l__box_top_new_dim=\dimen190
\l__box_bottom_new_dim=\dimen191
\l__box_left_new_dim=\dimen192
\l__box_right_new_dim=\dimen193
\l__box_internal_box=\box53
\l__coffin_bounding_shift_dim=\dimen194
\l__coffin_left_corner_dim=\dimen195
\l__coffin_right_corner_dim=\dimen196
\l__coffin_bottom_corner_dim=\dimen197
\l__coffin_top_corner_dim=\dimen198
\l__coffin_scaled_total_height_dim=\dimen199
\l__coffin_scaled_width_dim=\dimen200
L3 Module: l3luatex 2016/03/26 v6465 L3 Experimental LuaTeX-specific functions
)
("C:\Program Files (x86)\MiKTeX 2.9\tex\latex\l3kernel\l3pdfmode.def"
File: l3pdfmode.def 2016/03/26 v6465 L3 Experimental driver: PDF mode
\l__driver_color_stack_int=\count150
\l__driver_tmp_box=\box54
))
Package: xparse 2016/05/18 v6512 L3 Experimental document command parser
\l__xparse_current_arg_int=\count151
\l__xparse_m_args_int=\count152
\l__xparse_mandatory_args_int=\count153
\l__xparse_processor_int=\count154
\l__xparse_v_nesting_int=\count155
)
("C:\Program Files (x86)\MiKTeX 2.9\tex\latex\etoolbox\etoolbox.sty"
Package: etoolbox 2015/08/02 v2.2a e-TeX tools for LaTeX (JAW)
\etb@tempcnta=\count156
)
("C:\Program Files (x86)\MiKTeX 2.9\tex\latex\oberdiek\zref-abspage.sty"
Package: zref-abspage 2012/04/04 v2.24 Module abspage for zref (HO)

("C:\Program Files (x86)\MiKTeX 2.9\tex\latex\oberdiek\zref-base.sty"
Package: zref-base 2012/04/04 v2.24 Module base for zref (HO)

("C:\Program Files (x86)\MiKTeX 2.9\tex\generic\oberdiek\kvdefinekeys.sty"
Package: kvdefinekeys 2011/04/07 v1.3 Define keys (HO)
)
("C:\Program Files (x86)\MiKTeX 2.9\tex\generic\oberdiek\pdftexcmds.sty"
Package: pdftexcmds 2011/11/29 v0.20 Utility functions of pdfTeX for LuaTeX (HO
)
Package pdftexcmds Info: LuaTeX not detected.
Package pdftexcmds Info: \pdf@primitive is available.
Package pdftexcmds Info: \pdf@ifprimitive is available.
Package pdftexcmds Info: \pdfdraftmode found.
)
("C:\Program Files (x86)\MiKTeX 2.9\tex\latex\oberdiek\auxhook.sty"
Package: auxhook 2011/03/04 v1.3 Hooks for auxiliary files (HO)
)
Package zref Info: New property list: main on input line 759.
Package zref Info: New property: default on input line 760.
Package zref Info: New property: page on input line 761.
)
("C:\Program Files (x86)\MiKTeX 2.9\tex\generic\oberdiek\atbegshi.sty"
Package: atbegshi 2011/10/05 v1.16 At begin shipout hook (HO)
)
\c@abspage=\count157
Package zref Info: New property: abspage on input line 62.
)
("C:\Program Files (x86)\MiKTeX 2.9\tex\latex\needspace\needspace.sty"
Package: needspace 2010/09/12 v1.3d reserve vertical space
)
\mdf@templength=\skip58
\c@mdf@globalstyle@cnt=\count158
\mdf@skipabove@length=\skip59
\mdf@skipbelow@length=\skip60
\mdf@leftmargin@length=\skip61
\mdf@rightmargin@length=\skip62
\mdf@innerleftmargin@length=\skip63
\mdf@innerrightmargin@length=\skip64
\mdf@innertopmargin@length=\skip65
\mdf@innerbottommargin@length=\skip66
\mdf@splittopskip@length=\skip67
\mdf@splitbottomskip@length=\skip68
\mdf@outermargin@length=\skip69
\mdf@innermargin@length=\skip70
\mdf@linewidth@length=\skip71
\mdf@innerlinewidth@length=\skip72
\mdf@middlelinewidth@length=\skip73
\mdf@outerlinewidth@length=\skip74
\mdf@roundcorner@length=\skip75
\mdf@footenotedistance@length=\skip76
\mdf@userdefinedwidth@length=\skip77
\mdf@needspace@length=\skip78
\mdf@frametitleaboveskip@length=\skip79
\mdf@frametitlebelowskip@length=\skip80
\mdf@frametitlerulewidth@length=\skip81
\mdf@frametitleleftmargin@length=\skip82
\mdf@frametitlerightmargin@length=\skip83
\mdf@shadowsize@length=\skip84
\mdf@extratopheight@length=\skip85
\mdf@subtitleabovelinewidth@length=\skip86
\mdf@subtitlebelowlinewidth@length=\skip87
\mdf@subtitleaboveskip@length=\skip88
\mdf@subtitlebelowskip@length=\skip89
\mdf@subtitleinneraboveskip@length=\skip90
\mdf@subtitleinnerbelowskip@length=\skip91
\mdf@subsubtitleabovelinewidth@length=\skip92
\mdf@subsubtitlebelowlinewidth@length=\skip93
\mdf@subsubtitleaboveskip@length=\skip94
\mdf@subsubtitlebelowskip@length=\skip95
\mdf@subsubtitleinneraboveskip@length=\skip96
\mdf@subsubtitleinnerbelowskip@length=\skip97

("C:\Program Files (x86)\MiKTeX 2.9\tex\latex\mdframed\md-frame-1.mdf"
File: md-frame-1.mdf 2013/07/01\ 1.9b: md-frame-1
)
\mdf@frametitlebox=\box55
\mdf@footnotebox=\box56
\mdf@splitbox@one=\box57
\mdf@splitbox@two=\box58
\mdf@splitbox@save=\box59
\mdfsplitboxwidth=\skip98
\mdfsplitboxtotalwidth=\skip99
\mdfsplitboxheight=\skip100
\mdfsplitboxdepth=\skip101
\mdfsplitboxtotalheight=\skip102
\mdfframetitleboxwidth=\skip103
\mdfframetitleboxtotalwidth=\skip104
\mdfframetitleboxheight=\skip105
\mdfframetitleboxdepth=\skip106
\mdfframetitleboxtotalheight=\skip107
\mdffootnoteboxwidth=\skip108
\mdffootnoteboxtotalwidth=\skip109
\mdffootnoteboxheight=\skip110
\mdffootnoteboxdepth=\skip111
\mdffootnoteboxtotalheight=\skip112
\mdftotallinewidth=\skip113
\mdfboundingboxwidth=\skip114
\mdfboundingboxtotalwidth=\skip115
\mdfboundingboxheight=\skip116
\mdfboundingboxdepth=\skip117
\mdfboundingboxtotalheight=\skip118
\mdf@freevspace@length=\skip119
\mdf@horizontalwidthofbox@length=\skip120
\mdf@verticalmarginwhole@length=\skip121
\mdf@horizontalspaceofbox=\skip122
\mdfsubtitleheight=\skip123
\mdfsubsubtitleheight=\skip124
\c@mdfcountframes=\count159

****** mdframed patching \endmdf@trivlist

****** -- success******

.................................................
. LaTeX info: "xparse/define-command"
. 
. Defining command \newmdtheoremenv with sig. 'O{} m o m o ' on line 601.
.................................................
.................................................
. LaTeX info: "xparse/define-command"
. 
. Defining command \mdtheorem with sig. ' O{} m o m o ' on line 701.
.................................................
\mdf@envdepth=\count160
\c@mdf@env@i=\count161
\c@mdf@env@ii=\count162
\c@mdf@zref@counter=\count163
Package zref Info: New property: mdf@pagevalue on input line 895.
)
\Oldarrayrulewidth=\skip125

("C:\Program Files (x86)\MiKTeX 2.9\tex\latex\float\float.sty"
Package: float 2001/11/08 v1.3d Float enhancements (AL)
\c@float@type=\count164
\float@exts=\toks43
\float@box=\box60
\@float@everytoks=\toks44
\@floatcapt=\box61
)
("C:\Program Files (x86)\MiKTeX 2.9\tex\latex\caption\caption.sty"
Package: caption 2016/02/21 v3.3-144 Customizing captions (AR)

("C:\Program Files (x86)\MiKTeX 2.9\tex\latex\caption\caption3.sty"
Package: caption3 2016/02/04 v1.7-139 caption3 kernel (AR)
Package caption3 Info: TeX engine: e-TeX on input line 67.
\captionmargin=\dimen201
Normal \dimen register pool exhausted, switching to extended pool.
\captionmargin@=\dimen256
\captionwidth=\dimen257
\caption@tempdima=\dimen258
\caption@indent=\dimen259
\caption@parindent=\dimen260
\caption@hangindent=\dimen261
)
\c@ContinuedFloat=\count165
Package caption Info: float package is loaded.
)
("C:\Program Files (x86)\MiKTeX 2.9\tex\latex\caption\newfloat.sty"
Package: newfloat 2015/09/17 v1.1-109 Defining new floating environments (AR)
)
("C:\Program Files (x86)\MiKTeX 2.9\tex\latex\listings\listings.sty"
\lst@mode=\count166
\lst@gtempboxa=\box62
\lst@token=\toks45
\lst@length=\count167
\lst@currlwidth=\dimen262
\lst@column=\count168
\lst@pos=\count169
\lst@lostspace=\dimen263
\lst@width=\dimen264
\lst@newlines=\count170
\lst@lineno=\count171
\lst@maxwidth=\dimen265

("C:\Program Files (x86)\MiKTeX 2.9\tex\latex\listings\lstmisc.sty"
File: lstmisc.sty 2015/06/04 1.6 (Carsten Heinz)
\c@lstnumber=\count172
\lst@skipnumbers=\count173
\lst@framebox=\box63
)
("C:\Program Files (x86)\MiKTeX 2.9\tex\latex\listings\listings.cfg"
File: listings.cfg 2015/06/04 1.6 listings configuration
))
Package: listings 2015/06/04 1.6 (Carsten Heinz)

("C:\Program Files (x86)\MiKTeX 2.9\tex\latex\tools\multicol.sty"
Package: multicol 2011/06/27 v1.7a multicolumn formatting (FMi)
\c@tracingmulticols=\count174
\mult@box=\box64
\multicol@leftmargin=\dimen266
\c@unbalance=\count175
\c@collectmore=\count176
\doublecol@number=\count177
\multicoltolerance=\count178
\multicolpretolerance=\count179
\full@width=\dimen267
\page@free=\dimen268
\premulticols=\dimen269
\postmulticols=\dimen270
\multicolsep=\skip126
\multicolbaselineskip=\skip127
\partial@page=\box65
\last@line=\box66
\mult@rightbox=\box67
\mult@grightbox=\box68
\mult@gfirstbox=\box69
\mult@firstbox=\box70
\@tempa=\box71
\@tempa=\box72
\@tempa=\box73
\@tempa=\box74
\@tempa=\box75
\@tempa=\box76
\@tempa=\box77
\@tempa=\box78
\@tempa=\box79
\@tempa=\box80
\@tempa=\box81
\@tempa=\box82
\@tempa=\box83
\@tempa=\box84
\@tempa=\box85
\@tempa=\box86
\@tempa=\box87
\c@columnbadness=\count180
\c@finalcolumnbadness=\count181
\last@try=\dimen271
\multicolovershoot=\dimen272
\multicolundershoot=\dimen273
\mult@nat@firstbox=\box88
\colbreak@box=\box89
\multicol@sort@counter=\count182
)
("C:\Program Files (x86)\MiKTeX 2.9\tex\latex\enumitem\enumitem.sty"
Package: enumitem 2011/09/28 v3.5.2 Customized lists
\labelindent=\skip128
\enit@outerparindent=\dimen274
\enit@toks=\toks46
\enit@inbox=\box90
\enitdp@description=\count183
)
\enitdp@referencelist=\count184
\enitdp@exerciselist=\count185

("C:\Program Files (x86)\MiKTeX 2.9\tex\latex\tasks\tasks.sty"
("C:\Program Files (x86)\MiKTeX 2.9\tex\latex\eepic\epic.sty"
Enhancements to Picture Environment. Version 1.2 - Released June 1, 1986
\@@multicnt=\count186
\d@lta=\count187
\@delta=\dimen275
\@@delta=\dimen276
\@gridcnt=\count188
\@joinkind=\count189
\@dotgap=\dimen277
\@ddotgap=\dimen278
\@x@diff=\count190
\@y@diff=\count191
\x@diff=\dimen279
\y@diff=\dimen280
\@dotbox=\box91
\num@segments=\count192
\num@segmentsi=\count193
\@datafile=\read2
) ("C:\Program Files (x86)\MiKTeX 2.9\tex\latex\cntformats\cntformats.sty"
Package: cntformats 2014/07/20 v0.7 A different way to read counters. (CN)

("C:\Program Files (x86)\MiKTeX 2.9\tex\latex\cnltx\cnltx-base.sty"
Package: cnltx-base 2015/08/17 v0.13 LaTeX tools and documenting facilities (CN
)

("C:\Program Files (x86)\MiKTeX 2.9\tex\latex\pgfopts\pgfopts.sty"
Package: pgfopts 2014/07/10 v2.1a LaTeX package options with pgfkeys
\pgfopts@list@add@a@toks=\toks47
\pgfopts@list@add@b@toks=\toks48
)
\c@cnltx@tmpa=\count194
\c@cnltx@tmpb=\count195
\c@cnltx@tmpc=\count196
\cnltx@tmpa@length=\skip129
\cnltx@tmpb@length=\skip130
\cnltx@tmpc@length=\skip131

("C:\Program Files (x86)\MiKTeX 2.9\tex\latex\trimspaces\trimspaces.sty"
Package: trimspaces 2009/09/17 v1.1 Trim spaces around a token list
)))
("C:\Program Files (x86)\MiKTeX 2.9\tex\latex\l3packages\xtemplate\xtemplate.st
y"
Package: xtemplate 2016/05/18 v6512 L3 Experimental prototype document function
s
\l__xtemplate_tmp_dim=\dimen281
\l__xtemplate_tmp_int=\count197
\l__xtemplate_tmp_muskip=\muskip17
\l__xtemplate_tmp_skip=\skip132
) ("C:\Program Files (x86)\MiKTeX 2.9\tex\latex\environ\environ.sty"
Package: environ 2014/05/04 v0.3 A new way to define environments
)
Package: tasks 2016/08/13 v0.12 Horizontalcolumnedlists (CN)
\l__tasks_depth_int=\count198
\g__tasks_int=\count199
\g__tasks_total_items_int=\count200
\l__tasks_columns_int=\count201
Normal \count register pool exhausted, switching to extended pool.
\l__tasks_rows_int=\count277
\g__tasks_current_col_num_int=\count278
\g__tasks_current_row_num_int=\count279
\l__tasks_item_columns_int=\count280
\l__tasks_item_indent_dim=\dimen282
\l__tasks_item_default_indent_dim=\dimen283
\l__tasks_item_width_dim=\dimen284
\l__tasks_label_width_dim=\dimen285
\l__tasks_label_default_width_dim=\dimen286
\l__tasks_label_offset_dim=\dimen287
\l__tasks_label_default_offset_dim=\dimen288
\l__tasks_column_sep_dim=\dimen289
\l__tasks_after_item_skip=\skip133
\l__tasks_custom_after_item_skip=\skip134
\l__tasks_before_list_skip=\skip135
\l__tasks_after_list_skip=\skip136
\l__tasks_item_coffin=\box92
\l__tasks_label_coffin=\box93
\c@task=\count281
\l__tasks_tmpa_int=\count282
\l__tasks_tmpb_int=\count283
\l__tasks_tmpa_coffin=\box94
.................................................
. xtemplate info: "declare-object-type"
. 
. Declaring object type 'tasks' taking 3 argument(s) on line 379.
.................................................
\l__tasks_choice_width_dim=\dimen290
\l__tasks_choice_linewidth_dim=\dimen291
\l__tasks_choice_checkwidth_dim=\dimen292
\l__tasks_choice_raise_dim=\dimen293
.................................................
. LaTeX info: "xparse/define-command"
. 
. Defining command \startnewitemline with sig. '' on line 692.
.................................................
.................................................
. LaTeX info: "xparse/define-command"
. 
. Defining command \NewTasks with sig. 'O{}mO{\task }D(){1}' on line 701.
.................................................
.................................................
. LaTeX info: "xparse/define-command"
. 
. Defining command \RenewTasks with sig. 'O{}mO{\task }D(){1}' on line 708.
.................................................
.................................................
. LaTeX info: "xparse/define-environment"
. 
. Defining environment 'tasks' with sig. 'O{}D(){1}' on line 714.
.................................................
\g__file_internal_ior=\read3

("C:\Program Files (x86)\MiKTeX 2.9\tex\latex\tasks\tasks.cfg"
File: tasks.cfg 2016/08/13 v0.12 tasks instances
)
.................................................
. LaTeX info: "xparse/define-command"
. 
. Defining command \settasks with sig. 'm' on line 722.
.................................................
)
.................................................
. LaTeX info: "xparse/define-environment"
. 
. Defining environment 'exercisegroup' with sig. 'O{}D(){1}' on line 298.
.................................................

("C:\Program Files (x86)\MiKTeX 2.9\tex\latex\imakeidx\imakeidx.sty"
Package: imakeidx 2016/05/16 v1.3d Package for typesetting indices in a synchro
nous mode

("C:\Program Files (x86)\MiKTeX 2.9\tex\latex\xkeyval\xkeyval.sty"
Package: xkeyval 2012/10/14 v2.6b package option processing (HA)

("C:\Program Files (x86)\MiKTeX 2.9\tex\generic\xkeyval\xkeyval.tex"
\XKV@toks=\toks49
\XKV@tempa@toks=\toks50
\XKV@depth=\count284
File: xkeyval.tex 2012/10/14 v2.6b key=value parser (HA)
)))
\test@idxfile=\write4

Writing index file test.idx
("C:\Program Files (x86)\MiKTeX 2.9\tex\latex\hyperref\hyperref.sty"
Package: hyperref 2012/11/06 v6.83m Hypertext links for LaTeX

("C:\Program Files (x86)\MiKTeX 2.9\tex\generic\oberdiek\hobsub-hyperref.sty"
Package: hobsub-hyperref 2012/04/25 v1.12 Bundle oberdiek, subset hyperref (HO)


("C:\Program Files (x86)\MiKTeX 2.9\tex\generic\oberdiek\hobsub-generic.sty"
Package: hobsub-generic 2012/04/25 v1.12 Bundle oberdiek, subset generic (HO)
Package: hobsub 2012/04/25 v1.12 Construct package bundles (HO)
Package hobsub Info: Skipping package `infwarerr' (already loaded).
Package hobsub Info: Skipping package `ltxcmds' (already loaded).
Package hobsub Info: Skipping package `ifluatex' (already loaded).
Package hobsub Info: Skipping package `ifvtex' (already loaded).
Package: intcalc 2007/09/27 v1.1 Expandable calculations with integers (HO)
Package hobsub Info: Skipping package `ifpdf' (already loaded).
Package hobsub Info: Skipping package `etexcmds' (already loaded).
Package hobsub Info: Skipping package `kvsetkeys' (already loaded).
Package hobsub Info: Skipping package `kvdefinekeys' (already loaded).
Package hobsub Info: Skipping package `pdftexcmds' (already loaded).
Package: pdfescape 2011/11/25 v1.13 Implements pdfTeX's escape features (HO)
Package: bigintcalc 2012/04/08 v1.3 Expandable calculations on big integers (HO
)
Package: bitset 2011/01/30 v1.1 Handle bit-vector datatype (HO)
Package: uniquecounter 2011/01/30 v1.2 Provide unlimited unique counter (HO)
)
Package hobsub Info: Skipping package `hobsub' (already loaded).
Package: letltxmacro 2010/09/02 v1.4 Let assignment for LaTeX macros (HO)
Package: hopatch 2011/06/24 v1.1 Wrapper for package hooks (HO)
Package: xcolor-patch 2011/01/30 xcolor patch
Package: atveryend 2011/06/30 v1.8 Hooks at the very end of document (HO)
Package hobsub Info: Skipping package `atbegshi' (already loaded).
Package: refcount 2011/10/16 v3.4 Data extraction from label references (HO)
Package: hycolor 2011/01/30 v1.7 Color options for hyperref/bookmark (HO)
)
\@linkdim=\dimen294
\Hy@linkcounter=\count285
\Hy@pagecounter=\count286

("C:\Program Files (x86)\MiKTeX 2.9\tex\latex\hyperref\pd1enc.def"
File: pd1enc.def 2012/11/06 v6.83m Hyperref: PDFDocEncoding definition (HO)
Now handling font encoding PD1 ...
... no UTF-8 mapping file for font encoding PD1
)
\Hy@SavedSpaceFactor=\count287

("C:\Program Files (x86)\MiKTeX 2.9\tex\latex\00miktex\hyperref.cfg"
File: hyperref.cfg 2002/06/06 v1.2 hyperref configuration of TeXLive
)
Package hyperref Info: Hyper figures OFF on input line 4443.
Package hyperref Info: Link nesting OFF on input line 4448.
Package hyperref Info: Hyper index ON on input line 4451.
Package hyperref Info: Plain pages OFF on input line 4458.
Package hyperref Info: Backreferencing OFF on input line 4463.
Package hyperref Info: Implicit mode ON; LaTeX internals redefined.
Package hyperref Info: Bookmarks ON on input line 4688.
\c@Hy@tempcnt=\count288

("C:\Program Files (x86)\MiKTeX 2.9\tex\latex\url\url.sty"
\Urlmuskip=\muskip18
Package: url 2013/09/16  ver 3.4  Verb mode for urls, etc.
)
LaTeX Info: Redefining \url on input line 5041.
\XeTeXLinkMargin=\dimen295
\Fld@menulength=\count289
\Field@Width=\dimen296
\Fld@charsize=\dimen297
Package hyperref Info: Hyper figures OFF on input line 6295.
Package hyperref Info: Link nesting OFF on input line 6300.
Package hyperref Info: Hyper index ON on input line 6303.
Package hyperref Info: backreferencing OFF on input line 6310.
Package hyperref Info: Link coloring OFF on input line 6315.
Package hyperref Info: Link coloring with OCG OFF on input line 6320.
Package hyperref Info: PDF/A mode OFF on input line 6325.
LaTeX Info: Redefining \ref on input line 6365.
LaTeX Info: Redefining \pageref on input line 6369.
\Hy@abspage=\count290
\c@Item=\count291
\c@Hfootnote=\count292
)

Package hyperref Message: Driver (autodetected): hpdftex.

("C:\Program Files (x86)\MiKTeX 2.9\tex\latex\hyperref\hpdftex.def"
File: hpdftex.def 2012/11/06 v6.83m Hyperref driver for pdfTeX
\HyAnn@Count=\count293
\Fld@listcount=\count294
\c@bookmark@seq@number=\count295

("C:\Program Files (x86)\MiKTeX 2.9\tex\latex\oberdiek\rerunfilecheck.sty"
Package: rerunfilecheck 2011/04/15 v1.7 Rerun checks for auxiliary files (HO)
Package uniquecounter Info: New unique counter `rerunfilecheck' on input line 2
82.
)
\Hy@SectionHShift=\skip137
)
Package hyperref Info: Option `colorlinks' set `true' on input line 310.

("C:\Program Files (x86)\MiKTeX 2.9\tex\latex\stackengine\stackengine.sty"
Package: stackengine 2014/01/06 v3.24\ Stacking text and objects in convenient 
ways

("C:\Program Files (x86)\MiKTeX 2.9\tex\latex\tools\calc.sty"
Package: calc 2007/08/22 v4.3 Infix arithmetic (KKT,FJ)
\calc@Acount=\count296
\calc@Bcount=\count297
\calc@Adimen=\dimen298
\calc@Bdimen=\dimen299
\calc@Askip=\skip138
\calc@Bskip=\skip139
LaTeX Info: Redefining \setlength on input line 76.
LaTeX Info: Redefining \addtolength on input line 77.
\calc@Ccount=\count298
\calc@Cskip=\skip140
)
\c@@stackindex=\count299
\@boxshift=\skip141
\stack@tmplength=\skip142
\temp@stkl=\skip143
\@stackedboxwidth=\skip144
\@addedbox=\box95
\@anchorbox=\box96
\stackedbox=\box97
\@centerbox=\box98
\c@ROWcellindex@=\count300
)
("C:\Program Files (x86)\MiKTeX 2.9\tex\latex\cancel\cancel.sty"
Package: cancel 2013/04/12 v2.2 Cancel math terms
)
("C:\Program Files (x86)\MiKTeX 2.9\tex\latex\base\fontenc.sty"
Package: fontenc 2005/09/27 v1.99g Standard LaTeX package

("C:\Program Files (x86)\MiKTeX 2.9\tex\latex\base\t1enc.def"
File: t1enc.def 2005/09/27 v1.99g Standard LaTeX file
LaTeX Font Info:    Redeclaring font encoding T1 on input line 43.
))
("C:\Program Files (x86)\MiKTeX 2.9\tex\generic\pgf\frontendlayer\tikz\librarie
s\tikzlibraryshadows.code.tex"
File: tikzlibraryshadows.code.tex 2008/01/13 v3.0.1a (rcs-revision 1.3)

("C:\Program Files (x86)\MiKTeX 2.9\tex\generic\pgf\frontendlayer\tikz\librarie
s\tikzlibraryfadings.code.tex"
File: tikzlibraryfadings.code.tex 2009/11/15 v3.0.1a (rcs-revision 1.2)

("C:\Program Files (x86)\MiKTeX 2.9\tex\generic\pgf\libraries\pgflibraryfadings
.code.tex"
File: pgflibraryfadings.code.tex 2008/02/07 v3.0.1a (rcs-revision 1.3)

! I can't write on file `test.pdf'.
Please type another file name for output: 
)))
\panelmax=\skip145
 ("C:\Program Files (x86)\MiKTeX 2.9\tex\latex\extpfeil\extpfeil.sty"
Package: extpfeil 2009/10/31 v0.4 Extensible Pfeile (PE)

("C:\Program Files (x86)\MiKTeX 2.9\tex\latex\mathtools\mathtools.sty"
Package: mathtools 2015/11/12 v1.18 mathematical typesetting tools

("C:\Program Files (x86)\MiKTeX 2.9\tex\latex\mathtools\mhsetup.sty"
Package: mhsetup 2010/01/21 v1.2a programming setup (MH)
)
LaTeX Info: Thecontrolsequence`\('isalreadyrobust on input line 129.
LaTeX Info: Thecontrolsequence`\)'isalreadyrobust on input line 129.
LaTeX Info: Thecontrolsequence`\['isalreadyrobust on input line 129.
LaTeX Info: Thecontrolsequence`\]'isalreadyrobust on input line 129.
\g_MT_multlinerow_int=\count301
\l_MT_multwidth_dim=\dimen300
\origjot=\skip146
\l_MT_shortvdotswithinadjustabove_dim=\dimen301
\l_MT_shortvdotswithinadjustbelow_dim=\dimen302
\l_MT_above_intertext_sep=\dimen303
\l_MT_below_intertext_sep=\dimen304
\l_MT_above_shortintertext_sep=\dimen305
\l_MT_below_shortintertext_sep=\dimen306
)
("C:\Program Files (x86)\MiKTeX 2.9\tex\latex\stmaryrd\stmaryrd.sty"
Package: stmaryrd 1994/03/03 St Mary's Road symbol package
\symstmry=\mathgroup6
LaTeX Font Info:    Overwriting symbol font `stmry' in version `bold'
(Font)                  U/stmry/m/n --> U/stmry/b/n on input line 89.
))
(C:\Users\Bruce\mfg\test.aux)
LaTeX Font Info:    Checking defaults for OML/cmm/m/it on input line 366.
LaTeX Font Info:    ... okay on input line 366.
LaTeX Font Info:    Checking defaults for T1/cmr/m/n on input line 366.
LaTeX Font Info:    ... okay on input line 366.
LaTeX Font Info:    Checking defaults for OT1/cmr/m/n on input line 366.
LaTeX Font Info:    ... okay on input line 366.
LaTeX Font Info:    Checking defaults for OMS/cmsy/m/n on input line 366.
LaTeX Font Info:    ... okay on input line 366.
LaTeX Font Info:    Checking defaults for OMX/cmex/m/n on input line 366.
LaTeX Font Info:    ... okay on input line 366.
LaTeX Font Info:    Checking defaults for U/cmr/m/n on input line 366.
LaTeX Font Info:    ... okay on input line 366.
LaTeX Font Info:    Checking defaults for TS1/cmr/m/n on input line 366.
LaTeX Font Info:    Try loading font information for TS1+cmr on input line 366.


("C:\Program Files (x86)\MiKTeX 2.9\tex\latex\base\ts1cmr.fd"
File: ts1cmr.fd 1999/05/25 v2.5h Standard LaTeX font definitions
)
LaTeX Font Info:    ... okay on input line 366.
LaTeX Font Info:    Checking defaults for PD1/pdf/m/n on input line 366.
LaTeX Font Info:    ... okay on input line 366.

*geometry* driver: auto-detecting
*geometry* detected driver: pdftex
*geometry* verbose mode - [ preamble ] result:
* driver: pdftex
* paper: letterpaper
* layout: <same size as paper>
* layoutoffset:(h,v)=(0.0pt,0.0pt)
* modes: twoside 
* h-part:(L,W,R)=(109.71799pt, 340.0pt, 164.57701pt)
* v-part:(T,H,B)=(57.81598pt, 650.43pt, 86.72401pt)
* \paperwidth=614.295pt
* \paperheight=794.96999pt
* \textwidth=340.0pt
* \textheight=650.43pt
* \oddsidemargin=37.448pt
* \evensidemargin=92.30702pt
* \topmargin=-44.5215pt
* \headheight=12.0pt
* \headsep=18.06749pt
* \topskip=10.0pt
* \footskip=25.29494pt
* \marginparwidth=125.0pt
* \marginparsep=7.0pt
* \columnsep=10.0pt
* \skip\footins=9.0pt plus 4.0pt minus 2.0pt
* \hoffset=0.0pt
* \voffset=0.0pt
* \mag=1000
* \@twocolumnfalse
* \@twosidetrue
* \@mparswitchtrue
* \@reversemarginfalse
* (1in=72.27pt=25.4mm, 1cm=28.453pt)

("C:\Program Files (x86)\MiKTeX 2.9\tex\latex\upquote\upquote.sty"
Package: upquote 2012/04/19 v1.3 upright-quote and grave-accent glyphs in verba
tim
)
("C:\Program Files (x86)\MiKTeX 2.9\tex\context\base\supp-pdf.mkii"
[Loading MPS to PDF converter (version 2006.09.02).]
\scratchcounter=\count302
\scratchdimen=\dimen307
\scratchbox=\box99
\nofMPsegments=\count303
\nofMParguments=\count304
\everyMPshowfont=\toks51
\MPscratchCnt=\count305
\MPscratchDim=\dimen308
\MPnumerator=\count306
\makeMPintoPDFobject=\count307
\everyMPtoPDFconversion=\toks52
) ABD: EveryShipout initializing macros
\AtBeginShipoutBox=\box100
Package caption Info: Begin \AtBeginDocument code.
Package caption Info: hyperref package is loaded.
Package caption Info: listings package is loaded.
Package caption Info: End \AtBeginDocument code.
\c@lstlisting=\count308
Package hyperref Info: Link coloring ON on input line 366.

("C:\Program Files (x86)\MiKTeX 2.9\tex\latex\hyperref\nameref.sty"
Package: nameref 2012/10/27 v2.43 Cross-referencing by name of section

("C:\Program Files (x86)\MiKTeX 2.9\tex\generic\oberdiek\gettitlestring.sty"
Package: gettitlestring 2010/12/03 v1.4 Cleanup title references (HO)
)
\c@section@level=\count309
)
LaTeX Info: Redefining \ref on input line 366.
LaTeX Info: Redefining \pageref on input line 366.
LaTeX Info: Redefining \nameref on input line 366.

(C:\Users\Bruce\mfg\test.out) (C:\Users\Bruce\mfg\test.out)
\@outlinefile=\write5
 [1


{C:/ProgramData/MiKTeX/2.9/pdftex/config/pdftex.map}] [2

] [3

] [4

] [5


] [6

]
************************************************
Section .1 MODELING
************************************************
************************************************
Section .2 Functions
************************************************
************************************************
Section .3 Graphs
************************************************
[7]
LaTeX Font Info:    Try loading font information for U+msa on input line 440.
 ("C:\Program Files (x86)\MiKTeX 2.9\tex\latex\amsfonts\umsa.fd"
File: umsa.fd 2013/01/14 v3.01 AMS symbols A
)
LaTeX Font Info:    Try loading font information for U+msb on input line 440.

("C:\Program Files (x86)\MiKTeX 2.9\tex\latex\amsfonts\umsb.fd"
File: umsb.fd 2013/01/14 v3.01 AMS symbols B
)
LaTeX Font Info:    Try loading font information for U+stmry on input line 440.


("C:\Program Files (x86)\MiKTeX 2.9\tex\latex\stmaryrd\ustmry.fd")
Underfull \hbox (badness 10000) in paragraph at lines 440--443

 []

[8]

Package hyperref Warning: Token not allowed in a PDF string (PDFDocEncoding):
(hyperref)                removing `math shift' on input line 447.


Package hyperref Warning: Token not allowed in a PDF string (PDFDocEncoding):
(hyperref)                removing `superscript' on input line 447.


Underfull \hbox (badness 10000) in paragraph at lines 450--450

 []


Underfull \hbox (badness 10000) in paragraph at lines 453--453

 []

[9

] [10

] (C:\Users\Bruce\mfg\test.toc)
\tf@toc=\write6
 [11] [12

]
************************************************
Chapter 1 Functions and Their Graphs
************************************************
Chapter 1.
************************************************
Introduction 
************************************************
<images/fig1.pdf, id=217, 265.57799pt x 281.85298pt>
File: images/fig1.pdf Graphic file (type pdf)
 <use images/fig1.pdf>
Package pdftex.def Info: images/fig1.pdf used on input line 469.
(pdftex.def)             Requested size: 204.00208pt x 216.51567pt.

<images/BirthRateVsFemaleLiteracy.pdf, id=218, 332.44202pt x 169.8061pt>
File: images/BirthRateVsFemaleLiteracy.pdf Graphic file (type pdf)

<use images/BirthRateVsFemaleLiteracy.pdf>
Package pdftex.def Info: images/BirthRateVsFemaleLiteracy.pdf used on input lin
e 477.
(pdftex.def)             Requested size: 340.0pt x 173.6663pt.

Underfull \vbox (badness 10000) has occurred while \output is active []

 [1

 <C:/Users/Bruce/mfg/images/fig1.pdf>]
\panelboxAtabular=\box101
\phAtabular=\skip147
\panelboxCimage=\box102

<images/Investigation1Grid.pdf, id=265, 187.902pt x 175.269pt>
File: images/Investigation1Grid.pdf Graphic file (type pdf)

<use images/Investigation1Grid.pdf>
Package pdftex.def Info: images/Investigation1Grid.pdf used on input line 514.
(pdftex.def)             Requested size: 157.49998pt x 146.91739pt.
\phCimage=\skip148
 [2 <C:/Users/Bruce/mfg/images/BirthRateVsFemaleLiteracy.pdf> <C:/Users/Bruce/m
fg/images/Investigation1Grid.pdf>]
************************************************
Section 1.1 Linear Models
************************************************
************************************************
Subsection 1.1.1 Tables, Graphs and Equations
************************************************

LaTeX Font Warning: Font shape `U/stmry/b/n' undefined
(Font)              using `U/stmry/m/n' instead on input line 575.

[3] <images/fig-Annelise-1.pdf, id=404, 102.999pt x 195.129pt>
File: images/fig-Annelise-1.pdf Graphic file (type pdf)

<use images/fig-Annelise-1.pdf>
Package pdftex.def Info: images/fig-Annelise-1.pdf used on input line 589.
(pdftex.def)             Requested size: 135.99792pt x 257.67824pt.
 [4 <C:/Users/Bruce/mfg/images/fig-Annelise-1.pdf>] <images/fig1-2.pdf, id=476,
 135.49199pt x 236.67pt>
File: images/fig1-2.pdf Graphic file (type pdf)

<use images/fig1-2.pdf>
Package pdftex.def Info: images/fig1-2.pdf used on input line 627.
(pdftex.def)             Requested size: 135.99792pt x 237.565pt.
\panelboxCtabular=\box103
\phCtabular=\skip149
\panelboxFimage=\box104

<images/fig-Example2.pdf, id=479, 106.5839pt x 131.85008pt>
File: images/fig-Example2.pdf Graphic file (type pdf)

<use images/fig-Example2.pdf>
Package pdftex.def Info: images/fig-Example2.pdf used on input line 651.
(pdftex.def)             Requested size: 170.0pt x 210.30855pt.
\phFimage=\skip150

Overfull \hbox (3.33252pt too wide) in paragraph at lines 663--663
[][] 
 []


Underfull \hbox (badness 10000) in paragraph at lines 633--664

 []


Underfull \vbox (badness 4429) has occurred while \output is active []

 [5 <C:/Users/Bruce/mfg/images/fig1-2.pdf>]
************************************************
Subsection 1.1.2 Choosing Scales for the Axes
************************************************
[6 <C:/Users/Bruce/mfg/images/fig-Example2.pdf>]
<images/fig1-3.pdf, id=631, 128.265pt x 124.68001pt>
File: images/fig1-3.pdf Graphic file (type pdf)
 <use images/fig1-3.pdf>
Package pdftex.def Info: images/fig1-3.pdf used on input line 727.
(pdftex.def)             Requested size: 170.0pt x 165.26678pt.

[7 <C:/Users/Bruce/mfg/images/fig1-3.pdf>]
<images/fig-Exercise3.pdf, id=711, 130.08589pt x 126.44409pt>
File: images/fig-Exercise3.pdf Graphic file (type pdf)

<use images/fig-Exercise3.pdf>
Package pdftex.def Info: images/fig-Exercise3.pdf used on input line 757.
(pdftex.def)             Requested size: 157.49998pt x 153.09813pt.
LaTeX Font Info:    Try loading font information for T1+zi4 on input line 769.

("C:\Program Files (x86)\MiKTeX 2.9\tex\latex\inconsolata\t1zi4.fd"
File: t1zi4.fd 2014/06/22 T1/zi4 (Inconsolata)
)
("C:\Program Files (x86)\MiKTeX 2.9\tex\latex\base\latin1.def"
File: latin1.def 2008/03/30 v1.1d Input encoding file
)
("C:\Program Files (x86)\MiKTeX 2.9\tex\latex\base\latin1.def"
File: latin1.def 2008/03/30 v1.1d Input encoding file
)
("C:\Program Files (x86)\MiKTeX 2.9\tex\latex\base\latin1.def"
File: latin1.def 2008/03/30 v1.1d Input encoding file
)
("C:\Program Files (x86)\MiKTeX 2.9\tex\latex\base\latin1.def"
File: latin1.def 2008/03/30 v1.1d Input encoding file
) [8 <C:/Users/Bruce/mfg/images/fig-Exercise3.pdf>]
("C:\Program Files (x86)\MiKTeX 2.9\tex\latex\base\latin1.def"
File: latin1.def 2008/03/30 v1.1d Input encoding file
)
("C:\Program Files (x86)\MiKTeX 2.9\tex\latex\base\latin1.def"
File: latin1.def 2008/03/30 v1.1d Input encoding file
)
<images/fig-GC-house-price.pdf, id=785, 142.71901pt x 86.724pt>
File: images/fig-GC-house-price.pdf Graphic file (type pdf)

<use images/fig-GC-house-price.pdf>
Package pdftex.def Info: images/fig-GC-house-price.pdf used on input line 793.
(pdftex.def)             Requested size: 170.0pt x 103.31265pt.

************************************************
Subsection 1.1.3 Linear Equations
************************************************
[9 <C:/Users/Bruce/mfg/images/fig-GC-house-price.pdf>]
Package mdframed Info: mdframed works in twoside mode on input line 843.
Package mdframed Info: mdframed detected package amsthm 
 changed the theorem header of amsthm
(mdframed)              on input line 843.
Package mdframed Info: mdframed detected package amsthm 
 changed the theorem header of amsthm
(mdframed)              on input line 849.

<images/fig-example-advertising.pdf, id=880, 95.7719pt x 164.45691pt>
File: images/fig-example-advertising.pdf Graphic file (type pdf)

<use images/fig-example-advertising.pdf>
Package pdftex.def Info: images/fig-example-advertising.pdf used on input line 
883.
(pdftex.def)             Requested size: 135.99792pt x 233.54549pt.
 [10]
************************************************
Subsection 1.1.4 Intercepts
************************************************
\panelboxOimage=\box105
<images/fig-intercepts.pdf, id=900, 108.405pt x 115.632pt>
File: images/fig-intercepts.pdf Graphic file (type pdf)

<use images/fig-intercepts.pdf>
Package pdftex.def Info: images/fig-intercepts.pdf used on input line 916.
(pdftex.def)             Requested size: 119.00208pt x 126.94151pt.
\phOimage=\skip151
\panelboxDKp=\box106
\phDKp=\skip152

Overfull \hbox (3.33252pt too wide) in paragraph at lines 942--942
[][] 
 []


Underfull \vbox (badness 10000) has occurred while \output is active []

 [11 <C:/Users/Bruce/mfg/images/fig-example-advertising.pdf>]
Package mdframed Info: mdframed works in twoside mode on input line 956.
Package mdframed Info: mdframed detected package amsthm 
 changed the theorem header of amsthm
(mdframed)              on input line 956.
Package mdframed Info: mdframed detected package amsthm 
 changed the theorem header of amsthm
(mdframed)              on input line 963.


LaTeX Warning: Command \textbackslash invalid in math mode on input line 982.


LaTeX Warning: Command \textbackslash invalid in math mode on input line 982.


LaTeX Warning: Command \textbackslash invalid in math mode on input line 982.


LaTeX Warning: Command \textbackslash invalid in math mode on input line 982.


LaTeX Warning: Command \textbackslash invalid in math mode on input line 982.


LaTeX Warning: Command \textbackslash invalid in math mode on input line 982.


LaTeX Warning: Command \textbackslash invalid in math mode on input line 982.


LaTeX Warning: Command \textbackslash invalid in math mode on input line 982.


Overfull \hbox (82.73135pt too wide) in paragraph at lines 982--982
[] 
 []

[12 <C:/Users/Bruce/mfg/images/fig-intercepts.pdf>]
************************************************
Subsection 1.1.5 Intercept Method for Graphing Lines
************************************************

LaTeX Warning: Command \textbackslash invalid in math mode on input line 1012.


LaTeX Warning: Command \textbackslash invalid in math mode on input line 1012.


LaTeX Warning: Command \textbackslash invalid in math mode on input line 1012.


LaTeX Warning: Command \textbackslash invalid in math mode on input line 1012.


LaTeX Warning: Command \textbackslash invalid in math mode on input line 1012.


LaTeX Warning: Command \textbackslash invalid in math mode on input line 1012.


LaTeX Warning: Command \textbackslash invalid in math mode on input line 1012.


LaTeX Warning: Command \textbackslash invalid in math mode on input line 1012.


Overfull \hbox (69.22131pt too wide) in paragraph at lines 1012--1012
[] 
 []


LaTeX Warning: Command \textbackslash invalid in math mode on input line 1016.


LaTeX Warning: Command \textbackslash invalid in math mode on input line 1016.


LaTeX Warning: Command \textbackslash invalid in math mode on input line 1016.


LaTeX Warning: Command \textbackslash invalid in math mode on input line 1016.


LaTeX Warning: Command \textbackslash invalid in math mode on input line 1016.


LaTeX Warning: Command \textbackslash invalid in math mode on input line 1016.


LaTeX Warning: Command \textbackslash invalid in math mode on input line 1016.


LaTeX Warning: Command \textbackslash invalid in math mode on input line 1016.


Overfull \hbox (100.08607pt too wide) in paragraph at lines 1016--1016
[] 
 []

<images/fig-example-graph-intercepts.pdf, id=1046, 106.64091pt x 115.63211pt>
File: images/fig-example-graph-intercepts.pdf Graphic file (type pdf)

<use images/fig-example-graph-intercepts.pdf>
Package pdftex.def Info: images/fig-example-graph-intercepts.pdf used on input 
line 1028.
(pdftex.def)             Requested size: 170.0pt x 184.33232pt.
 [13]
Package mdframed Info: mdframed works in twoside mode on input line 1048.
Package mdframed Info: mdframed detected package amsthm 
 changed the theorem header of amsthm
(mdframed)              on input line 1048.
Package mdframed Info: mdframed detected package amsthm 
 changed the theorem header of amsthm
(mdframed)              on input line 1062.

************************************************
Subsection 1.1.6 Section Summary
************************************************
************************************************
Subsubsection 1.1.6.1 Vocabulary
************************************************
[14 <C:/Users/Bruce/mfg/images/fig-example-graph-intercepts.pdf>]
Underfull \hbox (badness 10000) in paragraph at lines 1084--1085
[]\T1/cmr/m/n/10 Mathematical
 []


Underfull \hbox (badness 6220) in paragraph at lines 1088--1089
[]\T1/cmr/m/n/10 Evaluate an ex-
 []

************************************************
Subsubsection 1.1.6.2 CONCEPTS
************************************************
Package mdframed Info: mdframed works in twoside mode on input line 1107.
Package mdframed Info: mdframed detected package amsthm 
 changed the theorem header of amsthm
(mdframed)              on input line 1107.
Package mdframed Info: mdframed detected package amsthm 
 changed the theorem header of amsthm
(mdframed)              on input line 1113.
Package mdframed Info: mdframed works in twoside mode on input line 1117.
Package mdframed Info: mdframed detected package amsthm 
 changed the theorem header of amsthm
(mdframed)              on input line 1117.
Package mdframed Info: mdframed detected package amsthm 
 changed the theorem header of amsthm
(mdframed)              on input line 1131.
************************************************
Subsubsection 1.1.6.3 STUDY QUESTIONS
************************************************
[15]
************************************************
Subsubsection 1.1.6.4 SKILLS
************************************************
************************************************
Exercises 1.1.7 Homework
************************************************
<images/fig-ex-1-1-1.pdf, id=1201, 139.13391pt x 144.54pt>
File: images/fig-ex-1-1-1.pdf Graphic file (type pdf)

<use images/fig-ex-1-1-1.pdf>
Package pdftex.def Info: images/fig-ex-1-1-1.pdf used on input line 1184.
(pdftex.def)             Requested size: 159.0pt x 165.1875pt.
 [16]
<images/fig-ans-1-1-1.pdf, id=1243, 137.313pt x 142.7191pt>
File: images/fig-ans-1-1-1.pdf Graphic file (type pdf)

<use images/fig-ans-1-1-1.pdf>
Package pdftex.def Info: images/fig-ans-1-1-1.pdf used on input line 1200.
(pdftex.def)             Requested size: 159.0pt x 165.25807pt.

<images/fig-ex-1-1-2.pdf, id=1244, 153.58801pt x 193.308pt>
File: images/fig-ex-1-1-2.pdf Graphic file (type pdf)

<use images/fig-ex-1-1-2.pdf>
Package pdftex.def Info: images/fig-ex-1-1-2.pdf used on input line 1216.
(pdftex.def)             Requested size: 159.0pt x 200.13002pt.

Underfull \vbox (badness 2318) has occurred while \output is active []

 [17 <C:/Users/Bruce/mfg/images/fig-ex-1-1-1.pdf> <C:/Users/Bruce/mfg/images/fi
g-ans-1-1-1.pdf>] <images/fig-ex-1-1-3.pdf, id=1373, 133.728pt x 171.684pt>
File: images/fig-ex-1-1-3.pdf Graphic file (type pdf)

<use images/fig-ex-1-1-3.pdf>
Package pdftex.def Info: images/fig-ex-1-1-3.pdf used on input line 1233.
(pdftex.def)             Requested size: 159.0pt x 204.14145pt.
 [18 <C:/Users/Bruce/mfg/images/fig-ex-1-1-2.pdf> <C:/Users/Bruce/mfg/images/fi
g-ex-1-1-3.pdf>]
<images/fig-ans-1-1-3.pdf, id=1492, 160.815pt x 81.31801pt>
File: images/fig-ans-1-1-3.pdf Graphic file (type pdf)

<use images/fig-ans-1-1-3.pdf>
Package pdftex.def Info: images/fig-ans-1-1-3.pdf used on input line 1249.
(pdftex.def)             Requested size: 159.0pt x 80.40085pt.


LaTeX Warning: Command \textfractionsolidus invalid in math mode on input line 
1255.


LaTeX Warning: Command \textfractionsolidus invalid in math mode on input line 
1255.

<images/fig-ex-1-1-4.pdf, id=1493, 128.265pt x 216.81pt>
File: images/fig-ex-1-1-4.pdf Graphic file (type pdf)

<use images/fig-ex-1-1-4.pdf>
Package pdftex.def Info: images/fig-ex-1-1-4.pdf used on input line 1265.
(pdftex.def)             Requested size: 159.0pt x 268.79199pt.
 [19 <C:/Users/Bruce/mfg/images/fig-ans-1-1-3.pdf> <C:/Users/Bruce/mfg/images/f
ig-ex-1-1-4.pdf>]
<images/fig-ans-1-1-5.pdf, id=1607, 169.863pt x 140.898pt>
File: images/fig-ans-1-1-5.pdf Graphic file (type pdf)

<use images/fig-ans-1-1-5.pdf>
Package pdftex.def Info: images/fig-ans-1-1-5.pdf used on input line 1285.
(pdftex.def)             Requested size: 159.0pt x 131.88942pt.
 [20 <C:/Users/Bruce/mfg/images/fig-ans-1-1-5.pdf>] <images/fig-ans-1-1-7.pdf, 
id=1688, 112.04701pt x 121.038pt>
File: images/fig-ans-1-1-7.pdf Graphic file (type pdf)

<use images/fig-ans-1-1-7.pdf>
Package pdftex.def Info: images/fig-ans-1-1-7.pdf used on input line 1330.
(pdftex.def)             Requested size: 159.0pt x 171.78094pt.

<images/fig-ans-1-1-9.pdf, id=1689, 126.501pt x 122.8589pt>
File: images/fig-ans-1-1-9.pdf Graphic file (type pdf)

<use images/fig-ans-1-1-9.pdf>
Package pdftex.def Info: images/fig-ans-1-1-9.pdf used on input line 1384.
(pdftex.def)             Requested size: 68.50401pt x 66.53027pt.

Overfull \hbox (7.77309pt too wide) in paragraph at lines 1384--1384
|[][] 
 []

<images/fig-ans-1-1-11.pdf, id=1690, 131.907pt x 119.274pt>
File: images/fig-ans-1-1-11.pdf Graphic file (type pdf)

<use images/fig-ans-1-1-11.pdf>
Package pdftex.def Info: images/fig-ans-1-1-11.pdf used on input line 1384.
(pdftex.def)             Requested size: 68.50401pt x 61.94275pt.
 [21 <C:/Users/Bruce/mfg/images/fig-ans-1-1-7.pdf>]
Overfull \hbox (22.21758pt too wide) in paragraph at lines 1384--1384
|[][]| 
 []

<images/fig-ans-1-1-13.pdf, id=1773, 121.038pt x 75.91191pt>
File: images/fig-ans-1-1-13.pdf Graphic file (type pdf)

<use images/fig-ans-1-1-13.pdf>
Package pdftex.def Info: images/fig-ans-1-1-13.pdf used on input line 1426.
(pdftex.def)             Requested size: 30.8207pt x 19.32889pt.

<images/fig-ans-1-1-15.pdf, id=1774, 111.9901pt x 95.772pt>
File: images/fig-ans-1-1-15.pdf Graphic file (type pdf)

<use images/fig-ans-1-1-15.pdf>
Package pdftex.def Info: images/fig-ans-1-1-15.pdf used on input line 1426.
(pdftex.def)             Requested size: 30.8207pt x 26.3571pt.

<images/fig-ans-1-1-17.pdf, id=1775, 151.767pt x 97.536pt>
File: images/fig-ans-1-1-17.pdf Graphic file (type pdf)

<use images/fig-ans-1-1-17.pdf>
Package pdftex.def Info: images/fig-ans-1-1-17.pdf used on input line 1426.
(pdftex.def)             Requested size: 30.8207pt x 19.80748pt.

<images/fig-ans-1-1-19.pdf, id=1776, 121.038pt x 99.357pt>
File: images/fig-ans-1-1-19.pdf Graphic file (type pdf)

<use images/fig-ans-1-1-19.pdf>
Package pdftex.def Info: images/fig-ans-1-1-19.pdf used on input line 1468.
(pdftex.def)             Requested size: 59.15404pt x 48.55798pt.

<images/fig-ans-1-1-21.pdf, id=1777, 139.134pt x 66.8639pt>
File: images/fig-ans-1-1-21.pdf Graphic file (type pdf)

<use images/fig-ans-1-1-21.pdf>
Package pdftex.def Info: images/fig-ans-1-1-21.pdf used on input line 1468.
(pdftex.def)             Requested size: 59.15404pt x 28.42749pt.

<images/fig-ans-1-1-23.pdf, id=1778, 113.811pt x 104.8199pt>
File: images/fig-ans-1-1-23.pdf Graphic file (type pdf)

<use images/fig-ans-1-1-23.pdf>
Package pdftex.def Info: images/fig-ans-1-1-23.pdf used on input line 1468.
(pdftex.def)             Requested size: 59.15404pt x 54.48106pt.
 [22 <C:/Users/Bruce/mfg/images/fig-ans-1-1-9.pdf> <C:/Users/Bruce/mfg/images/f
ig-ans-1-1-11.pdf> <C:/Users/Bruce/mfg/images/fig-ans-1-1-13.pdf> <C:/Users/Bru
ce/mfg/images/fig-ans-1-1-15.pdf> <C:/Users/Bruce/mfg/images/fig-ans-1-1-17.pdf
> <C:/Users/Bruce/mfg/images/fig-ans-1-1-19.pdf>] <images/fig-ans-1-1-25.pdf, i
d=2235, 150.003pt x 110.2259pt>
File: images/fig-ans-1-1-25.pdf Graphic file (type pdf)

<use images/fig-ans-1-1-25.pdf>
Package pdftex.def Info: images/fig-ans-1-1-25.pdf used on input line 1485.
(pdftex.def)             Requested size: 159.0pt x 116.83888pt.
 [23 <C:/Users/Bruce/mfg/images/fig-ans-1-1-21.pdf> <C:/Users/Bruce/mfg/images/
fig-ans-1-1-23.pdf> <C:/Users/Bruce/mfg/images/fig-ans-1-1-25.pdf>]
<images/fig-ans-1-1-27.pdf, id=2478, 84.90309pt x 133.728pt>
File: images/fig-ans-1-1-27.pdf Graphic file (type pdf)

<use images/fig-ans-1-1-27.pdf>
Package pdftex.def Info: images/fig-ans-1-1-27.pdf used on input line 1514.
(pdftex.def)             Requested size: 111.30194pt x 175.31554pt.
 [24 <C:/Users/Bruce/mfg/images/fig-ans-1-1-27.pdf>] <images/fig-ex-1-1-33.pdf,
 id=2591, 115.632pt x 119.21709pt>
File: images/fig-ex-1-1-33.pdf Graphic file (type pdf)

<use images/fig-ex-1-1-33.pdf>
Package pdftex.def Info: images/fig-ex-1-1-33.pdf used on input line 1604.
(pdftex.def)             Requested size: 109.60684pt x 113.01pt.

<images/fig-ex-1-1-34.pdf, id=2592, 131.85008pt x 133.7279pt>
File: images/fig-ex-1-1-34.pdf Graphic file (type pdf)

<use images/fig-ex-1-1-34.pdf>
Package pdftex.def Info: images/fig-ex-1-1-34.pdf used on input line 1604.
(pdftex.def)             Requested size: 109.60684pt x 111.17165pt.

<images/fig-ex-1-1-35.pdf, id=2593, 131.907pt x 133.728pt>
File: images/fig-ex-1-1-35.pdf Graphic file (type pdf)

<use images/fig-ex-1-1-35.pdf>
Package pdftex.def Info: images/fig-ex-1-1-35.pdf used on input line 1604.
(pdftex.def)             Requested size: 109.60684pt x 111.11867pt.

<images/fig-ex-1-1-36.pdf, id=2594, 131.907pt x 131.85008pt>
File: images/fig-ex-1-1-36.pdf Graphic file (type pdf)

<use images/fig-ex-1-1-36.pdf>
Package pdftex.def Info: images/fig-ex-1-1-36.pdf used on input line 1604.
(pdftex.def)             Requested size: 109.60684pt x 109.55824pt.
 [25 <C:/Users/Bruce/mfg/images/fig-ex-1-1-33.pdf> <C:/Users/Bruce/mfg/images/f
ig-ex-1-1-34.pdf

pdfTeX warning: pdflatex.exe (file C:/Users/Bruce/mfg/images/fig-ex-1-1-34.pdf)
: PDF inclusion: multiple pdfs with page group included in a single page
>]

LaTeX Font Warning: Command \small invalid in math mode on input line 1722.


LaTeX Font Warning: Command \small invalid in math mode on input line 1722.


LaTeX Font Warning: Command \small invalid in math mode on input line 1722.


LaTeX Font Warning: Command \small invalid in math mode on input line 1722.


LaTeX Font Warning: Command \small invalid in math mode on input line 1722.


LaTeX Font Warning: Command \small invalid in math mode on input line 1722.


LaTeX Font Warning: Command \small invalid in math mode on input line 1722.


LaTeX Font Warning: Command \small invalid in math mode on input line 1722.


LaTeX Font Warning: Command \small invalid in math mode on input line 1722.


LaTeX Font Warning: Command \small invalid in math mode on input line 1722.


LaTeX Font Warning: Command \small invalid in math mode on input line 1722.


LaTeX Font Warning: Command \small invalid in math mode on input line 1722.

<images/fig-ans-1-1-37.pdf, id=2688, 112.0469pt x 113.811pt>
File: images/fig-ans-1-1-37.pdf Graphic file (type pdf)

<use images/fig-ans-1-1-37.pdf>
Package pdftex.def Info: images/fig-ans-1-1-37.pdf used on input line 1722.
(pdftex.def)             Requested size: 57.50401pt x 58.411pt.


LaTeX Font Warning: Command \small invalid in math mode on input line 1722.


LaTeX Font Warning: Command \small invalid in math mode on input line 1722.


LaTeX Font Warning: Command \small invalid in math mode on input line 1722.


LaTeX Font Warning: Command \small invalid in math mode on input line 1722.


LaTeX Font Warning: Command \small invalid in math mode on input line 1722.


LaTeX Font Warning: Command \small invalid in math mode on input line 1722.


LaTeX Font Warning: Command \small invalid in math mode on input line 1722.


LaTeX Font Warning: Command \small invalid in math mode on input line 1722.


LaTeX Font Warning: Command \small invalid in math mode on input line 1722.


LaTeX Font Warning: Command \small invalid in math mode on input line 1722.


LaTeX Font Warning: Command \small invalid in math mode on input line 1722.


LaTeX Font Warning: Command \small invalid in math mode on input line 1722.


LaTeX Font Warning: Command \small invalid in math mode on input line 1722.


LaTeX Font Warning: Command \small invalid in math mode on input line 1722.


LaTeX Font Warning: Command \small invalid in math mode on input line 1722.


LaTeX Font Warning: Command \small invalid in math mode on input line 1722.


LaTeX Font Warning: Command \small invalid in math mode on input line 1722.


LaTeX Font Warning: Command \small invalid in math mode on input line 1722.


LaTeX Font Warning: Command \small invalid in math mode on input line 1722.


LaTeX Font Warning: Command \small invalid in math mode on input line 1722.


LaTeX Font Warning: Command \small invalid in math mode on input line 1722.


LaTeX Font Warning: Command \small invalid in math mode on input line 1722.


LaTeX Font Warning: Command \small invalid in math mode on input line 1722.


LaTeX Font Warning: Command \small invalid in math mode on input line 1722.


Overfull \hbox (1.70691pt too wide) in paragraph at lines 1722--1722
[] 
 []

<images/fig-ans-1-1-39.pdf, id=2689, 128.32191pt x 117.4529pt>
File: images/fig-ans-1-1-39.pdf Graphic file (type pdf)

<use images/fig-ans-1-1-39.pdf>
Package pdftex.def Info: images/fig-ans-1-1-39.pdf used on input line 1722.
(pdftex.def)             Requested size: 57.50401pt x 52.63287pt.


LaTeX Font Warning: Command \small invalid in math mode on input line 1722.


LaTeX Font Warning: Command \small invalid in math mode on input line 1722.


LaTeX Font Warning: Command \small invalid in math mode on input line 1722.


LaTeX Font Warning: Command \small invalid in math mode on input line 1722.


LaTeX Font Warning: Command \small invalid in math mode on input line 1722.


LaTeX Font Warning: Command \small invalid in math mode on input line 1722.


LaTeX Font Warning: Command \small invalid in math mode on input line 1722.


LaTeX Font Warning: Command \small invalid in math mode on input line 1722.


LaTeX Font Warning: Command \small invalid in math mode on input line 1722.


LaTeX Font Warning: Command \small invalid in math mode on input line 1722.


LaTeX Font Warning: Command \small invalid in math mode on input line 1722.


LaTeX Font Warning: Command \small invalid in math mode on input line 1722.


Overfull \hbox (1.70691pt too wide) in paragraph at lines 1722--1722
[] 
 []


Overfull \hbox (3.41382pt too wide) in paragraph at lines 1722--1722
 []  [] 
 []


LaTeX Font Warning: Command \small invalid in math mode on input line 1722.


LaTeX Font Warning: Command \small invalid in math mode on input line 1722.


LaTeX Font Warning: Command \small invalid in math mode on input line 1722.


LaTeX Font Warning: Command \small invalid in math mode on input line 1722.


LaTeX Font Warning: Command \small invalid in math mode on input line 1722.


LaTeX Font Warning: Command \small invalid in math mode on input line 1722.


LaTeX Font Warning: Command \small invalid in math mode on input line 1722.


LaTeX Font Warning: Command \small invalid in math mode on input line 1722.


LaTeX Font Warning: Command \small invalid in math mode on input line 1722.


LaTeX Font Warning: Command \small invalid in math mode on input line 1722.


LaTeX Font Warning: Command \small invalid in math mode on input line 1722.


LaTeX Font Warning: Command \small invalid in math mode on input line 1722.

<images/fig-ans-1-1-41.pdf, id=2690, 124.62299pt x 119.274pt>
File: images/fig-ans-1-1-41.pdf Graphic file (type pdf)

<use images/fig-ans-1-1-41.pdf>
Package pdftex.def Info: images/fig-ans-1-1-41.pdf used on input line 1722.
(pdftex.def)             Requested size: 57.50401pt x 55.03595pt.


LaTeX Font Warning: Command \small invalid in math mode on input line 1722.


LaTeX Font Warning: Command \small invalid in math mode on input line 1722.


LaTeX Font Warning: Command \small invalid in math mode on input line 1722.


LaTeX Font Warning: Command \small invalid in math mode on input line 1722.


LaTeX Font Warning: Command \small invalid in math mode on input line 1722.


LaTeX Font Warning: Command \small invalid in math mode on input line 1722.


LaTeX Font Warning: Command \small invalid in math mode on input line 1722.


LaTeX Font Warning: Command \small invalid in math mode on input line 1722.


LaTeX Font Warning: Command \small invalid in math mode on input line 1722.


LaTeX Font Warning: Command \small invalid in math mode on input line 1722.


LaTeX Font Warning: Command \small invalid in math mode on input line 1722.


LaTeX Font Warning: Command \small invalid in math mode on input line 1722.


LaTeX Font Warning: Command \small invalid in math mode on input line 1722.


LaTeX Font Warning: Command \small invalid in math mode on input line 1722.


LaTeX Font Warning: Command \small invalid in math mode on input line 1722.


LaTeX Font Warning: Command \small invalid in math mode on input line 1722.


LaTeX Font Warning: Command \small invalid in math mode on input line 1722.


LaTeX Font Warning: Command \small invalid in math mode on input line 1722.


LaTeX Font Warning: Command \small invalid in math mode on input line 1722.


LaTeX Font Warning: Command \small invalid in math mode on input line 1722.


LaTeX Font Warning: Command \small invalid in math mode on input line 1722.


LaTeX Font Warning: Command \small invalid in math mode on input line 1722.


LaTeX Font Warning: Command \small invalid in math mode on input line 1722.


LaTeX Font Warning: Command \small invalid in math mode on input line 1722.

<images/fig-ans-1-1-43.pdf, id=2691, 130.08589pt x 124.68001pt>
File: images/fig-ans-1-1-43.pdf Graphic file (type pdf)

<use images/fig-ans-1-1-43.pdf>
Package pdftex.def Info: images/fig-ans-1-1-43.pdf used on input line 1722.
(pdftex.def)             Requested size: 57.50401pt x 55.11429pt.
 [26 <C:/Users/Bruce/mfg/images/fig-ex-1-1-35.pdf> <C:/Users/Bruce/mfg/images/f
ig-ex-1-1-36.pdf> <C:/Users/Bruce/mfg/images/fig-ans-1-1-37.pdf> <C:/Users/Bruc
e/mfg/images/fig-ans-1-1-39.pdf>]

LaTeX Font Warning: Command \small invalid in math mode on input line 1722.


LaTeX Font Warning: Command \small invalid in math mode on input line 1722.


LaTeX Font Warning: Command \small invalid in math mode on input line 1722.


LaTeX Font Warning: Command \small invalid in math mode on input line 1722.


LaTeX Font Warning: Command \small invalid in math mode on input line 1722.


LaTeX Font Warning: Command \small invalid in math mode on input line 1722.


LaTeX Font Warning: Command \small invalid in math mode on input line 1722.


LaTeX Font Warning: Command \small invalid in math mode on input line 1722.


LaTeX Font Warning: Command \small invalid in math mode on input line 1722.


LaTeX Font Warning: Command \small invalid in math mode on input line 1722.


LaTeX Font Warning: Command \small invalid in math mode on input line 1722.


LaTeX Font Warning: Command \small invalid in math mode on input line 1722.

<images/fig-ans-1-1-45.jpg, id=2961, 101.178pt x 68.6565pt>
File: images/fig-ans-1-1-45.jpg Graphic file (type jpg)

<use images/fig-ans-1-1-45.jpg>
Package pdftex.def Info: images/fig-ans-1-1-45.jpg used on input line 1780.
(pdftex.def)             Requested size: 57.50401pt x 39.0204pt.

<images/fig-ans-1-1-47.jpg, id=2962, 101.178pt x 68.6565pt>
File: images/fig-ans-1-1-47.jpg Graphic file (type jpg)

<use images/fig-ans-1-1-47.jpg>
Package pdftex.def Info: images/fig-ans-1-1-47.jpg used on input line 1780.
(pdftex.def)             Requested size: 57.50401pt x 39.0204pt.

<images/fig-ans-1-1-49.jpg, id=2963, 99.37125pt x 70.46326pt>
File: images/fig-ans-1-1-49.jpg Graphic file (type jpg)

<use images/fig-ans-1-1-49.jpg>
Package pdftex.def Info: images/fig-ans-1-1-49.jpg used on input line 1780.
(pdftex.def)             Requested size: 57.50401pt x 40.77625pt.
 [27 <C:/Users/Bruce/mfg/images/fig-ans-1-1-41.pdf> <C:/Users/Bruce/mfg/images/
fig-ans-1-1-43.pdf> <C:/Users/Bruce/mfg/images/fig-ans-1-1-45.jpg>]
<images/fig-ans-1-1-51.jpg, id=3138, 101.178pt x 70.46326pt>
File: images/fig-ans-1-1-51.jpg Graphic file (type jpg)

<use images/fig-ans-1-1-51.jpg>
Package pdftex.def Info: images/fig-ans-1-1-51.jpg used on input line 1780.
(pdftex.def)             Requested size: 57.50401pt x 40.04727pt.

************************************************
Section 1.2 Functions
************************************************
************************************************
Subsection 1.2.1 Definition of Function
************************************************
[28 <C:/Users/Bruce/mfg/images/fig-ans-1-1-47.jpg> <C:/Users/Bruce/mfg/images/f
ig-ans-1-1-49.jpg> <C:/Users/Bruce/mfg/images/fig-ans-1-1-51.jpg>]
Package mdframed Info: mdframed works in twoside mode on input line 1816.
Package mdframed Info: mdframed detected package amsthm 
 changed the theorem header of amsthm
(mdframed)              on input line 1816.
Package mdframed Info: mdframed detected package amsthm 
 changed the theorem header of amsthm
(mdframed)              on input line 1818.
 [29]
************************************************
Subsection 1.2.2 Functions Defined by Tables
************************************************
[30]
************************************************
Subsection 1.2.3 Functions Defined by Graphs
************************************************
\panelboxAparagraphs=\box107
\phAparagraphs=\skip153
\panelboxAVimage=\box108
<images/fig-sun-hours.pdf, id=3214, 178.854pt x 160.815pt>
File: images/fig-sun-hours.pdf Graphic file (type pdf)

<use images/fig-sun-hours.pdf>
Package pdftex.def Info: images/fig-sun-hours.pdf used on input line 1938.
(pdftex.def)             Requested size: 170.0pt x 152.86171pt.
\phAVimage=\skip154

Overfull \hbox (3.33252pt too wide) in paragraph at lines 1950--1950
[][] 
 []


Underfull \vbox (badness 10000) has occurred while \output is active []

 [31]
<images/fig-LA-marathon.pdf, id=3230, 278.268pt x 93.9509pt>
File: images/fig-LA-marathon.pdf Graphic file (type pdf)

<use images/fig-LA-marathon.pdf>
Package pdftex.def Info: images/fig-LA-marathon.pdf used on input line 1969.
(pdftex.def)             Requested size: 340.0pt x 114.79912pt.
 [32 <C:/Users/Bruce/mfg/images/fig-sun-hours.pdf> <C:/Users/Bruce/mfg/images/f
ig-LA-marathon.pdf>]
************************************************
Subsection 1.2.4 Functions Defined by Equations
************************************************
("C:\Program Files (x86)\MiKTeX 2.9\tex\latex\base\latin1.def"
File: latin1.def 2008/03/30 v1.1d Input encoding file
)
("C:\Program Files (x86)\MiKTeX 2.9\tex\latex\base\latin1.def"
File: latin1.def 2008/03/30 v1.1d Input encoding file
)
("C:\Program Files (x86)\MiKTeX 2.9\tex\latex\base\latin1.def"
File: latin1.def 2008/03/30 v1.1d Input encoding file
)
("C:\Program Files (x86)\MiKTeX 2.9\tex\latex\base\latin1.def"
File: latin1.def 2008/03/30 v1.1d Input encoding file
)
("C:\Program Files (x86)\MiKTeX 2.9\tex\latex\base\latin1.def"
File: latin1.def 2008/03/30 v1.1d Input encoding file
)
("C:\Program Files (x86)\MiKTeX 2.9\tex\latex\base\latin1.def"
File: latin1.def 2008/03/30 v1.1d Input encoding file
)

! Package inputenc Error: Keyboard character used is undefined
(inputenc)                in inputencoding `latin1'.

See the inputenc package documentation for explanation.
Type  H <return>  for immediate help.
 ...                                              
                                                  
l.2012 ...a Tbl = 0.5\). Use the   \lstinline?↑?
                                                   and \lstinline?↓? arrow...

? 

! Package inputenc Error: Keyboard character used is undefined
(inputenc)                in inputencoding `latin1'.

See the inputenc package documentation for explanation.
Type  H <return>  for immediate help.
 ...                                              
                                                  
l.2012 ...a Tbl = 0.5\). Use the   \lstinline?↑?
                                                   and \lstinline?↓? arrow...

? 
("C:\Program Files (x86)\MiKTeX 2.9\tex\latex\base\latin1.def"
File: latin1.def 2008/03/30 v1.1d Input encoding file
)

! Package inputenc Error: Keyboard character used is undefined
(inputenc)                in inputencoding `latin1'.

See the inputenc package documentation for explanation.
Type  H <return>  for immediate help.
 ...                                              
                                                  
l.2012 ...he   \lstinline?↑? and \lstinline?↓?
                                                   arrow keys to scroll up a...

? 

! Package inputenc Error: Keyboard character used is undefined
(inputenc)                in inputencoding `latin1'.

See the inputenc package documentation for explanation.
Type  H <return>  for immediate help.
 ...                                              
                                                  
l.2012 ...he   \lstinline?↑? and \lstinline?↓?
                                                   arrow keys to scroll up a...

? 
\panelboxAXimage=\box109
<images/fig-TblSetup.jpg, id=3371, 102.98476pt x 70.46326pt>
File: images/fig-TblSetup.jpg Graphic file (type jpg)

<use images/fig-TblSetup.jpg>
Package pdftex.def Info: images/fig-TblSetup.jpg used on input line 2020.
(pdftex.def)             Requested size: 170.0pt x 116.31525pt.
\phAXimage=\skip155
\panelboxAYimage=\box110

<images/fig-GC-table.jpg, id=3372, 101.178pt x 70.46326pt>
File: images/fig-GC-table.jpg Graphic file (type jpg)

<use images/fig-GC-table.jpg>
Package pdftex.def Info: images/fig-GC-table.jpg used on input line 2027.
(pdftex.def)             Requested size: 170.0pt x 118.39894pt.
\phAYimage=\skip156

Overfull \hbox (3.33252pt too wide) in paragraph at lines 2038--2038
[][] 
 []


Overfull \hbox (3.33252pt too wide) in paragraph at lines 2039--2039
[][] 
 []


Underfull \vbox (badness 1303) has occurred while \output is active []

 [33]
************************************************
Subsection 1.2.5 Function Notation
************************************************
[34 <C:/Users/Bruce/mfg/images/fig-TblSetup.jpg> <C:/Users/Bruce/mfg/images/fig
-GC-table.jpg>]
Package mdframed Info: mdframed works in twoside mode on input line 2098.
Package mdframed Info: mdframed detected package amsthm 
 changed the theorem header of amsthm
(mdframed)              on input line 2098.

<images/fig-Function-Notation.pdf, id=3399, 215.0459pt x 61.45801pt>
File: images/fig-Function-Notation.pdf Graphic file (type pdf)

<use images/fig-Function-Notation.pdf>
Package pdftex.def Info: images/fig-Function-Notation.pdf used on input line 20
99.
(pdftex.def)             Requested size: 223.43903pt x 63.8604pt.
Package mdframed Info: mdframed detected package amsthm 
 changed the theorem header of amsthm
(mdframed)              on input line 2101.

************************************************
Subsection 1.2.6 Evaluating a Function
************************************************
[35 <C:/Users/Bruce/mfg/images/fig-Function-Notation.pdf>]
("C:\Program Files (x86)\MiKTeX 2.9\tex\latex\base\latin1.def"
File: latin1.def 2008/03/30 v1.1d Input encoding file
)
! Missing $ inserted.
<inserted text> 
                $
l.2176 Y_1 = 5-X \text{^}
                          3
? 
! Missing { inserted.
<to be read again> 
                   }
l.2176 Y_1 = 5-X \text{^}
                          3
? 
! Extra }, or forgotten $.
\textdef@ ...h {#1}\let \f@size #2\selectfont #3}}
                                                  
l.2176 Y_1 = 5-X \text{^}
                          3
? 
! Extra }, or forgotten $.
\text@ ...e {\textdef@ \displaystyle \f@size {#1}}
                                                  {\textdef@ \textstyle \f@s...
l.2176 Y_1 = 5-X \text{^}
                          3
? 
! Missing $ inserted.
<inserted text> 
                $
l.2176 Y_1 = 5-X \text{^}
                          3
? 
! Missing { inserted.
<to be read again> 
                   }
l.2176 Y_1 = 5-X \text{^}
                          3
? 
! Extra }, or forgotten $.
\textdef@ ...h {#1}\let \f@size #2\selectfont #3}}
                                                  
l.2176 Y_1 = 5-X \text{^}
                          3
? 
! Extra }, or forgotten $.
\text@ ...xtstyle \f@size {\firstchoice@false #1}}
                                                  {\textdef@ \textstyle \sf@...
l.2176 Y_1 = 5-X \text{^}
                          3
? 
! Missing $ inserted.
<inserted text> 
                $
l.2176 Y_1 = 5-X \text{^}
                          3
? 
! Missing { inserted.
<to be read again> 
                   }
l.2176 Y_1 = 5-X \text{^}
                          3
? 
! Extra }, or forgotten $.
\textdef@ ...h {#1}\let \f@size #2\selectfont #3}}
                                                  
l.2176 Y_1 = 5-X \text{^}
                          3
? 
! Extra }, or forgotten $.
\text@ ...tstyle \sf@size {\firstchoice@false #1}}
                                                  {\textdef@ \textstyle \ssf...
l.2176 Y_1 = 5-X \text{^}
                          3
? 
! Missing $ inserted.
<inserted text> 
                $
l.2176 Y_1 = 5-X \text{^}
                          3
? 
! Missing { inserted.
<to be read again> 
                   }
l.2176 Y_1 = 5-X \text{^}
                          3
? 
! Extra }, or forgotten $.
\textdef@ ...h {#1}\let \f@size #2\selectfont #3}}
                                                  
l.2176 Y_1 = 5-X \text{^}
                          3
? 
! Extra }, or forgotten $.
\text@ ...style \ssf@size {\firstchoice@false #1}}
                                                  \check@mathfonts }
l.2176 Y_1 = 5-X \text{^}
                          3
? 
! Extra }, or forgotten $.
\text@ ...firstchoice@false #1}}\check@mathfonts }
                                                  
l.2176 Y_1 = 5-X \text{^}
                          3
? 
! Missing $ inserted.
<inserted text> 
                $
l.2177 \end{equation*}
                      
? 
! Missing } inserted.
<inserted text> 
                }
l.2177 \end{equation*}
                      
? 
! Missing } inserted.
<inserted text> 
                }
l.2177 \end{equation*}
                      
? 
! Missing } inserted.
<inserted text> 
                }
l.2177 \end{equation*}
                      
? 
! Missing $ inserted.
<inserted text> 
                $
l.2177 \end{equation*}
                      
? 
! Missing } inserted.
<inserted text> 
                }
l.2177 \end{equation*}
                      
? 
! Missing } inserted.
<inserted text> 
                }
l.2177 \end{equation*}
                      
? 
! Missing } inserted.
<inserted text> 
                }
l.2177 \end{equation*}
                      
? 
! Missing $ inserted.
<inserted text> 
                $
l.2177 \end{equation*}
                      
? 
! Missing } inserted.
<inserted text> 
                }
l.2177 \end{equation*}
                      
? 
! Missing } inserted.
<inserted text> 
                }
l.2177 \end{equation*}
                      
? 
! Missing } inserted.
<inserted text> 
                }
l.2177 \end{equation*}
                      
? 
! Missing $ inserted.
<inserted text> 
                $
l.2177 \end{equation*}
                      
? 
! Missing } inserted.
<inserted text> 
                }
l.2177 \end{equation*}
                      
? 
! Missing } inserted.
<inserted text> 
                }
l.2177 \end{equation*}
                      
? 
! Missing } inserted.
<inserted text> 
                }
l.2177 \end{equation*}
                      
? 
! Missing { inserted.
<to be read again> 
                   \endgroup 
l.2177 \end{equation*}
                      
? 
! Missing } inserted.
<inserted text> 
                }
l.2177 \end{equation*}
                      
? 
! Missing { inserted.
<to be read again> 
                   \endgroup 
l.2177 \end{equation*}
                      
? 
! Missing } inserted.
<inserted text> 
                }
l.2177 \end{equation*}
                      
? 
! Missing { inserted.
<to be read again> 
                   \endgroup 
l.2177 \end{equation*}
                      
? 
! Missing } inserted.
<inserted text> 
                }
l.2177 \end{equation*}
                      
? 
! Missing } inserted.
<inserted text> 
                }
l.2177 \end{equation*}
                      
? 
! Missing $ inserted.
<inserted text> 
                $
l.2177 \end{equation*}
                      
? 
! Display math should end with $$.
<to be read again> 
                   \endgroup 
l.2177 \end{equation*}
                      
? 
("C:\Program Files (x86)\MiKTeX 2.9\tex\latex\base\latin1.def"
File: latin1.def 2008/03/30 v1.1d Input encoding file
)
("C:\Program Files (x86)\MiKTeX 2.9\tex\latex\base\latin1.def"
File: latin1.def 2008/03/30 v1.1d Input encoding file
)
("C:\Program Files (x86)\MiKTeX 2.9\tex\latex\base\latin1.def"
File: latin1.def 2008/03/30 v1.1d Input encoding file
)
("C:\Program Files (x86)\MiKTeX 2.9\tex\latex\base\latin1.def"
File: latin1.def 2008/03/30 v1.1d Input encoding file
)
("C:\Program Files (x86)\MiKTeX 2.9\tex\latex\base\latin1.def"
File: latin1.def 2008/03/30 v1.1d Input encoding file
)
("C:\Program Files (x86)\MiKTeX 2.9\tex\latex\base\latin1.def"
File: latin1.def 2008/03/30 v1.1d Input encoding file
)
("C:\Program Files (x86)\MiKTeX 2.9\tex\latex\base\latin1.def"
File: latin1.def 2008/03/30 v1.1d Input encoding file
)
("C:\Program Files (x86)\MiKTeX 2.9\tex\latex\base\latin1.def"
File: latin1.def 2008/03/30 v1.1d Input encoding file
)
("C:\Program Files (x86)\MiKTeX 2.9\tex\latex\base\latin1.def"
File: latin1.def 2008/03/30 v1.1d Input encoding file
)

! Package inputenc Error: Keyboard character used is undefined
(inputenc)                in inputencoding `latin1'.

See the inputenc package documentation for explanation.
Type  H <return>  for immediate help.
 ...                                              
                                                  
l.2182 ...line?Y=? screen. Use the \lstinline?→?
                                                   and \lstinline?↑? arrow...

? 

! Package inputenc Error: Keyboard character used is undefined
(inputenc)                in inputencoding `latin1'.

See the inputenc package documentation for explanation.
Type  H <return>  for immediate help.
 ...                                              
                                                  
l.2182 ...line?Y=? screen. Use the \lstinline?→?
                                                   and \lstinline?↑? arrow...

? 
("C:\Program Files (x86)\MiKTeX 2.9\tex\latex\base\latin1.def"
File: latin1.def 2008/03/30 v1.1d Input encoding file
)

! Package inputenc Error: Keyboard character used is undefined
(inputenc)                in inputencoding `latin1'.

See the inputenc package documentation for explanation.
Type  H <return>  for immediate help.
 ...                                              
                                                  
l.2182 ... the \lstinline?→? and \lstinline?↑?
                                                   arrow keys to highlight \...

? 

! Package inputenc Error: Keyboard character used is undefined
(inputenc)                in inputencoding `latin1'.

See the inputenc package documentation for explanation.
Type  H <return>  for immediate help.
 ...                                              
                                                  
l.2182 ... the \lstinline?→? and \lstinline?↑?
                                                   arrow keys to highlight \...

? 
\panelboxBAimage=\box111
<images/fig-TblSetup2.pdf, id=3459, 106.584pt x 74.034pt>
File: images/fig-TblSetup2.pdf Graphic file (type pdf)

<use images/fig-TblSetup2.pdf>
Package pdftex.def Info: images/fig-TblSetup2.pdf used on input line 2189.
(pdftex.def)             Requested size: 170.0pt x 118.08852pt.
\phBAimage=\skip157
\panelboxBBimage=\box112

<images/fig-GC-table2.pdf, id=3460, 106.584pt x 75.8551pt>
File: images/fig-GC-table2.pdf Graphic file (type pdf)

<use images/fig-GC-table2.pdf>
Package pdftex.def Info: images/fig-GC-table2.pdf used on input line 2196.
(pdftex.def)             Requested size: 170.0pt x 120.99329pt.
\phBBimage=\skip158

Overfull \hbox (3.33252pt too wide) in paragraph at lines 2207--2207
[][] 
 []


Overfull \hbox (3.33252pt too wide) in paragraph at lines 2208--2208
[][] 
 []

[36 <C:/Users/Bruce/mfg/images/fig-TblSetup2.pdf> <C:/Users/Bruce/mfg/images/fi
g-GC-table2.pdf>]
************************************************
Subsection 1.2.7 Operations with Function Notation
************************************************
[37]
************************************************
Paragraphs CAUTION
************************************************

LaTeX Warning: Command \textbackslash invalid in math mode on input line 2312.


LaTeX Warning: Command \textbackslash invalid in math mode on input line 2312.


LaTeX Warning: Command \textbackslash invalid in math mode on input line 2312.


LaTeX Warning: Command \textbackslash invalid in math mode on input line 2312.


LaTeX Warning: Command \textbackslash invalid in math mode on input line 2312.


LaTeX Warning: Command \textbackslash invalid in math mode on input line 2312.


LaTeX Warning: Command \textbackslash invalid in math mode on input line 2312.


LaTeX Warning: Command \textbackslash invalid in math mode on input line 2312.

************************************************
Subsection 1.2.8 Section Summary
************************************************
************************************************
Subsubsection 1.2.8.1 Vocabulary
************************************************

Underfull \hbox (badness 10000) in paragraph at lines 2335--2336
[]\T1/cmr/m/n/10 Dependent vari-
 []

************************************************
Subsubsection 1.2.8.2 CONCEPTS
************************************************
************************************************
Subsubsection 1.2.8.3 STUDY QUESTIONS
************************************************
[38]
************************************************
Subsubsection 1.2.8.4 SKILLS
************************************************
************************************************
Exercises 1.2.9 Homework
************************************************

Overfull \hbox (16.67804pt too wide) in paragraph at lines 2423--2423
\T1/cmr/bx/n/10 Answer.[] \T1/cmr/m/n/10 In-put: items pur-chased;
 []


Overfull \hbox (6.0959pt too wide) in paragraph at lines 2423--2423
\T1/cmr/m/n/10 put: page or pages on which topic
 []


Overfull \hbox (16.15039pt too wide) in paragraph at lines 2423--2423
\T1/cmr/bx/n/10 Answer.[] \T1/cmr/m/n/10 In-put: stu-dents' names;
 []


Overfull \hbox (14.92708pt too wide) in paragraph at lines 2423--2423
\T1/cmr/m/n/10 out-put: stu-dents' scores on quizzes,
 []

[39]
Overfull \hbox (11.28345pt too wide) in paragraph at lines 2473--2473
\T1/cmr/bx/n/10 Answer.[] \T1/cmr/m/n/10 No| 
 []


Overfull \hbox (13.83838pt too wide) in paragraph at lines 2473--2473
\T1/cmr/bx/n/10 Answer.[] \T1/cmr/m/n/10 Yes| 
 []


Overfull \hbox (6.88469pt too wide) in paragraph at lines 2581--2581
|[][]| 
 []


Overfull \hbox (19.22989pt too wide) in paragraph at lines 2581--2581
|[][]| 
 []


! LaTeX Error: Bad math environment delimiter.

See the LaTeX manual or LaTeX Companion for explanation.
Type  H <return>  for immediate help.
 ...                                              
                                                  
l.2581 \end{exercisegroup}
                          
? 
! Extra alignment tab has been changed to \cr.
<template> ....04em\relax \d@llarend \endtemplate 
                                                  
l.2581 \end{exercisegroup}
                          
? 

Overfull \hbox (20.9342pt too wide) in paragraph at lines 2581--2581
|[][] 
 []


Underfull \vbox (badness 1565) has occurred while \output is active []

 [40]
Overfull \hbox (18.72528pt too wide) in paragraph at lines 2581--2581
|[][]| 
 []


! LaTeX Error: Bad math environment delimiter.

See the LaTeX manual or LaTeX Companion for explanation.
Type  H <return>  for immediate help.
 ...                                              
                                                  
l.2581 \end{exercisegroup}
                          
? 

! LaTeX Error: Bad math environment delimiter.

See the LaTeX manual or LaTeX Companion for explanation.
Type  H <return>  for immediate help.
 ...                                              
                                                  
l.2581 \end{exercisegroup}
                          
? 

Overfull \hbox (22.83742pt too wide) in paragraph at lines 2581--2581
|[][] 
 []


Overfull \hbox (10.82019pt too wide) in paragraph at lines 2581--2581
|[][]| 
 []

[41]

LaTeX Warning: Command \textendash invalid in math mode on input line 2623.


Overfull \hbox (102.115pt too wide) in paragraph at lines 2634--2642
\T1/cmr/m/n/10 and Hu-man Ser-vices) [] 
 []


Overfull \hbox (91.08105pt too wide) in paragraph at lines 2658--2664
\T1/cmr/m/n/10 vices) [] 
 []

[42]
Overfull \hbox (125.45245pt too wide) in paragraph at lines 2692--2701
\T1/cmr/m/n/10 www.hickoksports.com) [] 
 []

<images/fig-ex-1-2-35.pdf, id=3817, 137.313pt x 178.854pt>
File: images/fig-ex-1-2-35.pdf Graphic file (type pdf)

<use images/fig-ex-1-2-35.pdf>
Package pdftex.def Info: images/fig-ex-1-2-35.pdf used on input line 2787.
(pdftex.def)             Requested size: 122.80133pt x 159.95187pt.

<images/fig-ex-1-2-36.pdf, id=3818, 133.7279pt x 126.501pt>
File: images/fig-ex-1-2-36.pdf Graphic file (type pdf)

<use images/fig-ex-1-2-36.pdf>
Package pdftex.def Info: images/fig-ex-1-2-36.pdf used on input line 2787.
(pdftex.def)             Requested size: 122.80133pt x 116.1642pt.

Underfull \vbox (badness 10000) has occurred while \output is active []

 [43]
<images/fig-ex-1-2-37.pdf, id=3844, 137.313pt x 130.086pt>
File: images/fig-ex-1-2-37.pdf Graphic file (type pdf)

<use images/fig-ex-1-2-37.pdf>
Package pdftex.def Info: images/fig-ex-1-2-37.pdf used on input line 2787.
(pdftex.def)             Requested size: 153.50401pt x 145.42336pt.

Overfull \hbox (1.13657pt too wide) in paragraph at lines 2787--2787
\T1/cmr/m/n/10 of the price, $\OML/cmm/m/it/10 d$\T1/cmr/m/n/10 , it charges fo
r a ticket.[] 
 []

<images/fig-ex-1-2-38.pdf, id=3845, 144.53989pt x 115.632pt>
File: images/fig-ex-1-2-38.pdf Graphic file (type pdf)

<use images/fig-ex-1-2-38.pdf>
Package pdftex.def Info: images/fig-ex-1-2-38.pdf used on input line 2787.
(pdftex.def)             Requested size: 153.50401pt x 122.80928pt.

Underfull \vbox (badness 10000) has occurred while \output is active []

 [44 <C:/Users/Bruce/mfg/images/fig-ex-1-2-35.pdf> <C:/Users/Bruce/mfg/images/f
ig-ex-1-2-36.pdf>] <images/fig-ex-1-2-39.pdf, id=3973, 355.887pt x 140.95502pt>
File: images/fig-ex-1-2-39.pdf Graphic file (type pdf)

<use images/fig-ex-1-2-39.pdf>
Package pdftex.def Info: images/fig-ex-1-2-39.pdf used on input line 2787.
(pdftex.def)             Requested size: 307.00804pt x 121.59749pt.

Overfull \hbox (133.10638pt too wide) in paragraph at lines 2787--2787
\T1/cmr/m/n/10 (Source: www.infoplease.com) [] 
 []

<images/fig-ex-1-2-40.pdf, id=3974, 211.347pt x 137.313pt>
File: images/fig-ex-1-2-40.pdf Graphic file (type pdf)

<use images/fig-ex-1-2-40.pdf>
Package pdftex.def Info: images/fig-ex-1-2-40.pdf used on input line 2787.
(pdftex.def)             Requested size: 184.2067pt x 119.68134pt.

Underfull \vbox (badness 10000) has occurred while \output is active []

 [45 <C:/Users/Bruce/mfg/images/fig-ex-1-2-37.pdf> <C:/Users/Bruce/mfg/images/f
ig-ex-1-2-38.pdf>]
Underfull \vbox (badness 10000) has occurred while \output is active []

 [46 <C:/Users/Bruce/mfg/images/fig-ex-1-2-39.pdf> <C:/Users/Bruce/mfg/images/f
ig-ex-1-2-40.pdf>]
Underfull \hbox (badness 10000) in paragraph at lines 2919--2919
[]$[] \OMS/cmsy/m/n/10 
 []


Underfull \hbox (badness 10000) in paragraph at lines 2919--2919
[]$[] \OMS/cmsy/m/n/10 
 []

[47] [48] <images/fig-ex-1-2-55.pdf, id=4386, 314.34608pt x 269.22pt>
File: images/fig-ex-1-2-55.pdf Graphic file (type pdf)

<use images/fig-ex-1-2-55.pdf>
Package pdftex.def Info: images/fig-ex-1-2-55.pdf used on input line 2996.
(pdftex.def)             Requested size: 340.0pt x 291.18872pt.

Overfull \hbox (98.50372pt too wide) in paragraph at lines 2996--2998
\T1/cmr/m/n/10 Wol-man, Miller, 1992) [] 
 []

<images/fig-ex-1-2-56.pdf, id=4387, 265.57811pt x 162.63591pt>
File: images/fig-ex-1-2-56.pdf Graphic file (type pdf)

<use images/fig-ex-1-2-56.pdf>
Package pdftex.def Info: images/fig-ex-1-2-56.pdf used on input line 3016.
(pdftex.def)             Requested size: 237.99896pt x 145.75302pt.

Overfull \hbox (62.75504pt too wide) in paragraph at lines 3016--3018
\T1/cmr/m/n/10 al-ti-tudes.) (Source: Open Uni-ver-sity) [] 
 []

[49 <C:/Users/Bruce/mfg/images/fig-ex-1-2-55.pdf>]
Overfull \hbox (5.83952pt too wide) in paragraph at lines 3019--3038
[]\T1/cmr/m/n/10 Read the graph and com-plete the ta-ble. [] 
 []

<images/fig-ex-1-2-57.pdf, id=4471, 142.7191pt x 195.129pt>
File: images/fig-ex-1-2-57.pdf Graphic file (type pdf)

<use images/fig-ex-1-2-57.pdf>
Package pdftex.def Info: images/fig-ex-1-2-57.pdf used on input line 3044.
(pdftex.def)             Requested size: 135.99792pt x 185.95804pt.
 [50 <C:/Users/Bruce/mfg/images/fig-ex-1-2-56.pdf> <C:/Users/Bruce/mfg/images/f
ig-ex-1-2-57.pdf>]
<images/fig-ex-1-2-58.pdf, id=4568, 180.675pt x 178.91101pt>
File: images/fig-ex-1-2-58.pdf Graphic file (type pdf)

<use images/fig-ex-1-2-58.pdf>
Package pdftex.def Info: images/fig-ex-1-2-58.pdf used on input line 3062.
(pdftex.def)             Requested size: 170.0pt x 168.34015pt.

Overfull \hbox (2.15312pt too wide) in paragraph at lines 3068--3074
\T1/cmr/m/n/10 creases in each of these three en-vi-ron-ments? [] 
 []

[51 <C:/Users/Bruce/mfg/images/fig-ex-1-2-58.pdf>] [52]
Underfull \hbox (badness 10000) in paragraph at lines 3312--3312
[]
 []


Overfull \hbox (1.59299pt too wide) in paragraph at lines 3312--3312
\OT1/cmr/m/n/10 3\OML/cmm/m/it/10 a \OT1/cmr/m/n/10 +
 []


Overfull \hbox (0.59875pt too wide) in paragraph at lines 3312--3312
\OT1/cmr/m/n/10 3\OML/cmm/m/it/10 b \OMS/cmsy/m/n/10  
 []


Underfull \hbox (badness 10000) in paragraph at lines 3312--3312
[]
 []


Overfull \hbox (1.59299pt too wide) in paragraph at lines 3312--3312
\OT1/cmr/m/n/10 3\OML/cmm/m/it/10 a \OT1/cmr/m/n/10 +
 []


Overfull \hbox (0.59875pt too wide) in paragraph at lines 3312--3312
\OT1/cmr/m/n/10 3\OML/cmm/m/it/10 b \OMS/cmsy/m/n/10  
 []


Underfull \hbox (badness 10000) in paragraph at lines 3312--3312
[]
 []


Overfull \hbox (1.0791pt too wide) in paragraph at lines 3312--3312
\OML/cmm/m/it/10 a[] \OT1/cmr/m/n/10 +
 []


Underfull \hbox (badness 10000) in paragraph at lines 3312--3312
[]
 []


Overfull \hbox (1.0791pt too wide) in paragraph at lines 3312--3312
\OML/cmm/m/it/10 a[] \OT1/cmr/m/n/10 +
 []


Overfull \hbox (5.88464pt too wide) in paragraph at lines 3312--3312
\OT1/cmr/m/n/10 2\OML/cmm/m/it/10 ab \OT1/cmr/m/n/10 +
 []


Underfull \hbox (badness 10000) in paragraph at lines 3312--3312
[]
 []


Overfull \hbox (4.64046pt too wide) in paragraph at lines 3312--3312
[] \OT1/cmr/m/n/10 +
 []


Underfull \hbox (badness 10000) in paragraph at lines 3312--3312
[]
 []


Overfull \hbox (22.14848pt too wide) in paragraph at lines 3312--3312
[] \OT1/cmr/m/n/10 +
 []


Overfull \hbox (13.37645pt too wide) in paragraph at lines 3312--3312
[]$ 
 []


Underfull \hbox (badness 10000) in paragraph at lines 3312--3312
[]
 []


Overfull \hbox (30.88448pt too wide) in paragraph at lines 3312--3312
[]$ 
 []


Underfull \hbox (badness 10000) in paragraph at lines 3312--3312
[]
 []


Overfull \hbox (6.4849pt too wide) in paragraph at lines 3312--3312
[] \OMS/cmsy/m/n/10  
 []


Underfull \hbox (badness 10000) in paragraph at lines 3312--3312
[]
 []


Overfull \hbox (7.72896pt too wide) in paragraph at lines 3312--3312
[]$ 
 []

[53]
Overfull \hbox (107.08842pt too wide) in paragraph at lines 3332--3337
[]$\OML/cmm/m/it/10 x \OT1/cmr/m/n/10 = 50$ \T1/cmr/m/n/10 and $\OML/cmm/m/it/1
0 x \OT1/cmr/m/n/10 = 60$ [] 
 []


Overfull \hbox (96.1777pt too wide) in paragraph at lines 3337--3342
[]$\OML/cmm/m/it/10 x \OT1/cmr/m/n/10 = 56$ \T1/cmr/m/n/10 and $\OML/cmm/m/it/1
0 x \OT1/cmr/m/n/10 = 57$ [] 
 []


Overfull \hbox (111.93373pt too wide) in paragraph at lines 3342--3347
[]$\OML/cmm/m/it/10 x \OT1/cmr/m/n/10 = 56\OML/cmm/m/it/10 :\OT1/cmr/m/n/10 5$ 
\T1/cmr/m/n/10 and $\OML/cmm/m/it/10 x \OT1/cmr/m/n/10 = 56\OML/cmm/m/it/10 :\O
T1/cmr/m/n/10 6$ [] 
 []

************************************************
Section 1.3 Graphs of Functions
************************************************
************************************************
Subsection 1.3.1 Reading Function Values from a Graph
************************************************
<images/fig-DJIA.pdf, id=4842, 227.622pt x 180.675pt>
File: images/fig-DJIA.pdf Graphic file (type pdf)

<use images/fig-DJIA.pdf>
Package pdftex.def Info: images/fig-DJIA.pdf used on input line 3387.
(pdftex.def)             Requested size: 272.00104pt x 215.9267pt.
 [54]
Package mdframed Info: mdframed works in twoside mode on input line 3405.
Package mdframed Info: mdframed detected package amsthm 
 changed the theorem header of amsthm
(mdframed)              on input line 3405.
Package mdframed Info: mdframed detected package amsthm 
 changed the theorem header of amsthm
(mdframed)              on input line 3407.

<images/fig-Lake-Huron.pdf, id=4887, 234.906pt x 115.632pt>
File: images/fig-Lake-Huron.pdf Graphic file (type pdf)

<use images/fig-Lake-Huron.pdf>
Package pdftex.def Info: images/fig-Lake-Huron.pdf used on input line 3411.
(pdftex.def)             Requested size: 305.99792pt x 150.64622pt.
 [55 <C:/Users/Bruce/mfg/images/fig-DJIA.pdf>]
Package mdframed Info: mdframed works in twoside mode on input line 3422.
Package mdframed Info: mdframed detected package amsthm 
 changed the theorem header of amsthm
(mdframed)              on input line 3422.
Package mdframed Info: mdframed detected package amsthm 
 changed the theorem header of amsthm
(mdframed)              on input line 3424.

<images/fig-function.pdf, id=4959, 133.6711pt x 137.313pt>
File: images/fig-function.pdf Graphic file (type pdf)

<use images/fig-function.pdf>
Package pdftex.def Info: images/fig-function.pdf used on input line 3436.
(pdftex.def)             Requested size: 204.00208pt x 209.58115pt.

Underfull \vbox (badness 10000) has occurred while \output is active []

 [56 <C:/Users/Bruce/mfg/images/fig-Lake-Huron.pdf>]
("C:\Program Files (x86)\MiKTeX 2.9\tex\latex\base\latin1.def"
File: latin1.def 2008/03/30 v1.1d Input encoding file
)
<images/fig-GC-trace.pdf, id=5038, 128.26509pt x 83.139pt>
File: images/fig-GC-trace.pdf Graphic file (type pdf)

<use images/fig-GC-trace.pdf>
Package pdftex.def Info: images/fig-GC-trace.pdf used on input line 3468.
(pdftex.def)             Requested size: 204.00208pt x 132.24489pt.
 [57 <C:/Users/Bruce/mfg/images/fig-function.pdf>] ("C:\Program Files (x86)\MiK
TeX 2.9\tex\latex\base\latin1.def"
File: latin1.def 2008/03/30 v1.1d Input encoding file
)
("C:\Program Files (x86)\MiKTeX 2.9\tex\latex\base\latin1.def"
File: latin1.def 2008/03/30 v1.1d Input encoding file
)
************************************************
Subsection 1.3.2 Constructing the Graph of a Function
************************************************
\panelboxBKtabular=\box113
\phBKtabular=\skip159
\panelboxBQimage=\box114
<images/fig-sq-root.pdf, id=5120, 130.086pt x 77.676pt>
File: images/fig-sq-root.pdf Graphic file (type pdf)

<use images/fig-sq-root.pdf>
Package pdftex.def Info: images/fig-sq-root.pdf used on input line 3525.
(pdftex.def)             Requested size: 170.0pt x 101.5145pt.
\phBQimage=\skip160

Overfull \hbox (3.33252pt too wide) in paragraph at lines 3537--3537
[][] 
 []

[58 <C:/Users/Bruce/mfg/images/fig-GC-trace.pdf> <C:/Users/Bruce/mfg/images/fig
-sq-root.pdf>]
! Missing { inserted.
<to be read again> 
                   \unhbox 
l.3548 Y_1 = \sqrt{~^~
                      }(X+4)
? 
! Missing } inserted.
<inserted text> 
                }
l.3549 \end{equation*}
                      
? x
 
Here is how much of TeX's memory you used:
 33984 strings out of 493921
 618730 string characters out of 3144876
 710618 words of memory out of 3000000
 35049 multiletter control sequences out of 15000+200000
 30392 words of font info for 87 fonts, out of 3000000 for 9000
 841 hyphenation exceptions out of 8191
 55i,18n,84p,10441b,1739s stack positions out of 5000i,500n,10000p,200000b,50000s
pdfTeX warning (dest): name{section.B.2} has been referenced but does not exist
, replaced by a fixed one

pdfTeX warning (dest): name{section.B.1} has been referenced but does not exist
, replaced by a fixed one

pdfTeX warning (dest): name{appendix.B} has been referenced but does not exist,
 replaced by a fixed one

pdfTeX warning (dest): name{section.A.12} has been referenced but does not exis
t, replaced by a fixed one

pdfTeX warning (dest): name{section.A.11} has been referenced but does not exis
t, replaced by a fixed one

pdfTeX warning (dest): name{section.A.10} has been referenced but does not exis
t, replaced by a fixed one

pdfTeX warning (dest): name{section.A.9} has been referenced but does not exist
, replaced by a fixed one

pdfTeX warning (dest): name{section.A.8} has been referenced but does not exist
, replaced by a fixed one

pdfTeX warning (dest): name{section.A.7} has been referenced but does not exist
, replaced by a fixed one

pdfTeX warning (dest): name{section.A.6} has been referenced but does not exist
, replaced by a fixed one

pdfTeX warning (dest): name{section.A.5} has been referenced but does not exist
, replaced by a fixed one

pdfTeX warning (dest): name{section.A.4} has been referenced but does not exist
, replaced by a fixed one

pdfTeX warning (dest): name{section.A.3} has been referenced but does not exist
, replaced by a fixed one

pdfTeX warning (dest): name{section.A.2} has been referenced but does not exist
, replaced by a fixed one

pdfTeX warning (dest): name{section.A.1} has been referenced but does not exist
, replaced by a fixed one

pdfTeX warning (dest): name{appendix.A} has been referenced but does not exist,
 replaced by a fixed one

pdfTeX warning (dest): name{section.1.8} has been referenced but does not exist
, replaced by a fixed one

pdfTeX warning (dest): name{section.1.7} has been referenced but does not exist
, replaced by a fixed one

pdfTeX warning (dest): name{section.1.6} has been referenced but does not exist
, replaced by a fixed one

pdfTeX warning (dest): name{section.1.5} has been referenced but does not exist
, replaced by a fixed one

pdfTeX warning (dest): name{section.1.4} has been referenced but does not exist
, replaced by a fixed one

 <C:\Users\Bruce\AppData\Local\MiKTeX\2.9\fonts\pk\ljfour\jknappen\ec\dpi600\ec
rm0900.pk>{C:/Program Files (x86)/MiKTeX 2.9/fonts/enc/dvips/inconsolata/i4-t1-
4.enc} <C:\Users\Bruce\AppData\Local\MiKTeX\2.9\fonts\pk\ljfour\jknappen\ec\dpi
600\ecbx1200.pk> <C:\Users\Bruce\AppData\Local\MiKTeX\2.9\fonts\pk\ljfour\jknap
pen\ec\dpi600\ecbx1000.pk> <C:\Users\Bruce\AppData\Local\MiKTeX\2.9\fonts\pk\lj
four\jknappen\ec\dpi600\ecbx2074.pk> <C:\Users\Bruce\AppData\Local\MiKTeX\2.9\f
onts\pk\ljfour\jknappen\ec\dpi600\ecsl1000.pk> <C:\Users\Bruce\AppData\Local\Mi
KTeX\2.9\fonts\pk\ljfour\jknappen\ec\dpi600\ecbx1440.pk> <C:\Users\Bruce\AppDat
a\Local\MiKTeX\2.9\fonts\pk\ljfour\jknappen\ec\dpi600\ecti1000.pk> <C:\Users\Br
uce\AppData\Local\MiKTeX\2.9\fonts\pk\ljfour\jknappen\ec\dpi600\ecbx2488.pk> <C
:\Users\Bruce\AppData\Local\MiKTeX\2.9\fonts\pk\ljfour\jknappen\ec\dpi600\tcrm1
000.pk> <C:\Users\Bruce\AppData\Local\MiKTeX\2.9\fonts\pk\ljfour\jknappen\ec\dp
i600\ecrm1000.pk> <C:\Users\Bruce\AppData\Local\MiKTeX\2.9\fonts\pk\ljfour\jkna
ppen\ec\dpi600\ecrm1440.pk> <C:\Users\Bruce\AppData\Local\MiKTeX\2.9\fonts\pk\l
jfour\jknappen\ec\dpi600\ecrm1728.pk> <C:\Users\Bruce\AppData\Local\MiKTeX\2.9\
fonts\pk\ljfour\jknappen\ec\dpi600\ecrm2488.pk><C:/Program Files (x86)/MiKTeX 2
.9/fonts/type1/public/inconsolata/Inconsolata-zi4r.pfb><C:/Program Files (x86)/
MiKTeX 2.9/fonts/type1/public/amsfonts/cm/cmbsy10.pfb><C:/Program Files (x86)/M
iKTeX 2.9/fonts/type1/public/amsfonts/cmextra/cmbsy7.pfb><C:/Program Files (x86
)/MiKTeX 2.9/fonts/type1/public/amsfonts/cm/cmbx10.pfb><C:/Program Files (x86)/
MiKTeX 2.9/fonts/type1/public/amsfonts/cm/cmbx7.pfb><C:/Program Files (x86)/MiK
TeX 2.9/fonts/type1/public/amsfonts/cm/cmex10.pfb><C:/Program Files (x86)/MiKTe
X 2.9/fonts/type1/public/amsfonts/cm/cmmi10.pfb><C:/Program Files (x86)/MiKTeX 
2.9/fonts/type1/public/amsfonts/cm/cmmib10.pfb><C:/Program Files (x86)/MiKTeX 2
.9/fonts/type1/public/amsfonts/cm/cmr10.pfb><C:/Program Files (x86)/MiKTeX 2.9/
fonts/type1/public/amsfonts/cm/cmr17.pfb><C:/Program Files (x86)/MiKTeX 2.9/fon
ts/type1/public/amsfonts/cm/cmr5.pfb><C:/Program Files (x86)/MiKTeX 2.9/fonts/t
ype1/public/amsfonts/cm/cmr7.pfb><C:/Program Files (x86)/MiKTeX 2.9/fonts/type1
/public/amsfonts/cm/cmsy10.pfb><C:/Program Files (x86)/MiKTeX 2.9/fonts/type1/p
ublic/amsfonts/cm/cmsy7.pfb>
Output written on .pdf (70 pages, 34240358 bytes).
PDF statistics:
 6058 PDF objects out of 6186 (max. 8388607)
 1570 named destinations out of 1728 (max. 500000)
 665 words of extra memory for PDF output out of 10000 (max. 10000000)

